1: 5
2: 8
3: 6
4: 7
5: 1 6 7
6: 3 5 8
7: 4 5 8
8: 2 6 7

1: 9
2: 7 9
3: 8 9
4: 5 6
5: 4 7
6: 4 8
7: 2 5
8: 3 6
9: 1 2 3

1: 7
2: 8
3: 9
4: 6 8
5: 6 9
6: 4 5
7: 1 8 9
8: 2 4 7
9: 3 5 7

1: 5
2: 4 5
3: 4 5
4: 2 3
5: 1 2 3

1: 7
2: 5
3: 6 7
4: 6 7
5: 2 6
6: 3 4 5
7: 1 3 4

1: 4 5
2: 4 5
3: 4 5
4: 1 2 3
5: 1 2 3

1: 7
2: 5 7
3: 6 7
4: 5 6
5: 2 4
6: 3 4
7: 1 2 3

1: 6
2: 6
3: 5 6
4: 5 6
5: 3 4
6: 1 2 3 4

1: 5
2: 6
3: 5 6
4: 5 6
5: 1 3 4
6: 2 3 4

1: 10
2: 8
3: 9 10
4: 9 10
5: 6 8
6: 5 7
7: 6 9
8: 2 5
9: 3 4 7
10: 1 3 4

1: 9
2: 7
3: 8 9
4: 8 9
5: 6 7
6: 5 8
7: 2 5
8: 3 4 6
9: 1 3 4

1: 7
2: 7
3: 7
4: 6 7
5: 6 7
6: 4 5
7: 1 2 3 4 5

1: 2 3
2: 1 7
3: 1 8
4: 5 6
5: 4 7
6: 4 8
7: 2 5
8: 3 6

1: 8
2: 8
3: 6 8
4: 7 8
5: 6 7
6: 3 5
7: 4 5
8: 1 2 3 4

1: 8
2: 8
3: 8
4: 8
5: 7 8
6: 7 8
7: 5 6
8: 1 2 3 4 5 6

1: 8
2: 6
3: 7 8
4: 7 8
5: 6 7
6: 2 5
7: 3 4 5
8: 1 3 4

1: 9
2: 9
3: 9
4: 9
5: 9
6: 8 9
7: 8 9
8: 6 7
9: 1 2 3 4 5 6 7

1: 10
2: 10
3: 10
4: 10
5: 10
6: 10
7: 9 10
8: 9 10
9: 7 8
10: 1 2 3 4 5 6 7 8

1: 2 3
2: 1 10
3: 1 9
4: 5 6
5: 4 7
6: 4 8
7: 5 9
8: 6 10
9: 3 7
10: 2 8

1: 2 3
2: 1 5
3: 1 6
4: 5 6
5: 2 4
6: 3 4

1: 2 3
2: 1 4
3: 1 4
4: 2 3

1: 5
2: 6 7
3: 6 7
4: 5 7
5: 1 4
6: 2 3
7: 2 3 4

1: 7
2: 7
3: 5 6
4: 5 6
5: 3 4
6: 3 4 7
7: 1 2 6

1: 6
2: 7
3: 4 5
4: 3 6 7
5: 3 6 7
6: 1 4 5
7: 2 4 5

1: 2 3
2: 1 6
3: 1 7
4: 6 7
5: 6 7
6: 2 4 5
7: 3 4 5

1: 6
2: 5 6
3: 5 6
4: 5 6
5: 2 3 4
6: 1 2 3 4

1: 5 6
2: 5 6
3: 5 6
4: 5 6
5: 1 2 3 4
6: 1 2 3 4

1: 6
2: 7
3: 6 7
4: 6 7
5: 6 7
6: 1 3 4 5
7: 2 3 4 5

1: 2
2: 1 5
3: 6 7
4: 6 7
5: 2 6 7
6: 3 4 5
7: 3 4 5

1: 6 7
2: 6 7
3: 6 7
4: 6 7
5: 6 7
6: 1 2 3 4 5
7: 1 2 3 4 5

1: 4
2: 5 6
3: 5 6
4: 1 6
5: 2 3
6: 2 3 4

1: 4
2: 5 6
3: 5 6
4: 1 5 6
5: 2 3 4
6: 2 3 4

1: 5
2: 6
3: 4 5
4: 3 6
5: 1 3 6
6: 2 4 5

1: 2 5
2: 1 6
3: 4 6
4: 3 5
5: 1 4 6
6: 2 3 5

1: 10 11
2: 8 11
3: 8 11
4: 9 11
5: 9 11
6: 8 10
7: 9 10
8: 2 3 6
9: 4 5 7
10: 1 6 7
11: 1 2 3 4 5

1: 3 5
2: 4 6
3: 1 9
4: 2 10
5: 1 12
6: 2 11
7: 9 12
8: 10 11
9: 3 7 10
10: 4 8 9
11: 6 8 12
12: 5 7 11

1: 7 8
2: 9 10
3: 5 13
4: 6 13
5: 3 11
6: 4 12
7: 1 12
8: 1 12
9: 2 11
10: 2 11
11: 5 9 10 13
12: 6 7 8 13
13: 3 4 11 12

1: 10
2: 9
3: 5 11
4: 6 12
5: 3 14
6: 4 13
7: 11 16
8: 12 15
9: 2 16
10: 1 15
11: 3 7 13
12: 4 8 14
13: 6 11 16
14: 5 12 15
15: 8 10 14
16: 7 9 13

1: 9 10
2: 11 12
3: 13 14
4: 15 16
5: 8 20
6: 7 19
7: 6 24
8: 5 25
9: 1 22
10: 1 22
11: 2 21
12: 2 21
13: 3 20
14: 3 20
15: 4 19
16: 4 19
17: 23 24
18: 23 25
19: 6 15 16 24
20: 5 13 14 25
21: 11 12 23 24
22: 9 10 23 25
23: 17 18 21 22
24: 7 17 19 21
25: 8 18 20 22

1: 18
2: 17
3: 5 6
4: 7 8
5: 3 21
6: 3 21
7: 4 22
8: 4 22
9: 11 20
10: 12 20
11: 9 19
12: 10 19
13: 16 21
14: 15 22
15: 14 18
16: 13 17
17: 2 16
18: 1 15
19: 11 12 20 21
20: 9 10 19 22
21: 5 6 13 19
22: 7 8 14 20

1: 8 9
2: 6 9
3: 6 9
4: 5 8
5: 4 7
6: 2 3
7: 5 8 9
8: 1 4 7
9: 1 2 3 7

1: 7
2: 8
3: 10 11
4: 10 11
5: 7 9
6: 8 9
7: 1 5 10
8: 2 6 11
9: 5 6 10 11
10: 3 4 7 9
11: 3 4 8 9

1: 5 6
2: 9 12
3: 10 11
4: 7 8
5: 1 17
6: 1 17
7: 4 18
8: 4 18
9: 2 19
10: 3 20
11: 3 20
12: 2 19
13: 17 21
14: 18 24
15: 20 23
16: 19 22
17: 5 6 13
18: 7 8 14
19: 9 12 16
20: 10 11 15
21: 13 22 23
22: 16 21 24
23: 15 21 24
24: 14 22 23

1: 8
2: 6
3: 7 8
4: 7 8
5: 6 8
6: 2 5
7: 3 4
8: 1 3 4 5

1: 11
2: 10
3: 4 14
4: 3 12
5: 8 13
6: 8 13
7: 12 13
8: 5 6
9: 11 12
10: 2 14
11: 1 9
12: 4 7 9 14
13: 5 6 7 14
14: 3 10 12 13

1: 9
2: 7
3: 4 9
4: 3 5
5: 4 6
6: 5 8
7: 2 8
8: 6 7 9
9: 1 3 8

1: 29 32
2: 30 31
3: 33 36
4: 34 35
5: 37 40
6: 38 39
7: 41 44
8: 42 43
9: 49 50
10: 51 52
11: 47 48
12: 45 46
13: 21 89
14: 22 90
15: 24 91
16: 23 92
17: 25 93
18: 26 94
19: 28 96
20: 27 95
21: 13 97
22: 14 98
23: 16 100
24: 15 99
25: 17 101
26: 18 102
27: 20 104
28: 19 103
29: 1 77
30: 2 78
31: 2 78
32: 1 77
33: 3 79
34: 4 80
35: 4 80
36: 3 79
37: 5 83
38: 6 84
39: 6 84
40: 5 83
41: 7 81
42: 8 82
43: 8 82
44: 7 81
45: 12 85
46: 12 85
47: 11 86
48: 11 86
49: 9 88
50: 9 88
51: 10 87
52: 10 87
53: 89 106
54: 90 105
55: 91 108
56: 92 107
57: 93 109
58: 94 112
59: 96 111
60: 95 110
61: 97 101
62: 98 102
63: 100 104
64: 99 103
65: 78 122
66: 77 121
67: 80 124
68: 79 123
69: 84 120
70: 83 119
71: 82 118
72: 81 117
73: 85 116
74: 86 115
75: 88 114
76: 87 113
77: 29 32 66
78: 30 31 65
79: 33 36 68
80: 34 35 67
81: 41 44 72
82: 42 43 71
83: 37 40 70
84: 38 39 69
85: 45 46 73
86: 47 48 74
87: 51 52 76
88: 49 50 75
89: 13 53 97
90: 14 54 98
91: 15 55 99
92: 16 56 100
93: 17 57 101
94: 18 58 102
95: 20 60 104
96: 19 59 103
97: 21 61 89
98: 22 62 90
99: 24 64 91
100: 23 63 92
101: 25 61 93
102: 26 62 94
103: 28 64 96
104: 27 63 95
105: 54 117 118
106: 53 119 120
107: 56 123 124
108: 55 121 122
109: 57 110 111
110: 60 109 112
111: 59 109 112
112: 58 110 111
113: 76 121 122
114: 75 123 124
115: 74 119 120
116: 73 117 118
117: 72 105 116
118: 71 105 116
119: 70 106 115
120: 69 106 115
121: 66 108 113
122: 65 108 113
123: 68 107 114
124: 67 107 114

1: 3 6
2: 4 5
3: 1 8
4: 2 9
5: 2 9
6: 1 8
7: 8 9
8: 3 6 7
9: 4 5 7

1: 4 12
2: 3 11
3: 2 7
4: 1 8
5: 7 10
6: 8 9
7: 3 5 11
8: 4 6 12
9: 6 10 12
10: 5 9 11
11: 2 7 10 12
12: 1 8 9 11

1: 12
2: 11
3: 6
4: 9
5: 10
6: 3 12
7: 13 14
8: 13 14
9: 4 15
10: 5 15
11: 2 12 13
12: 1 6 11
13: 7 8 11
14: 7 8 15
15: 9 10 14

1: 29
2: 16
3: 25
4: 28
5: 18
6: 26
7: 27
8: 17
9: 19
10: 20
11: 12 30
12: 11 22
13: 14 21
14: 13 15
15: 14 16
16: 2 15
17: 8 28
18: 5 27
19: 9 24
20: 10 24
21: 13 23
22: 12 25 30
23: 21 29 30
24: 19 20 30
25: 3 22 27
26: 6 28 29
27: 7 18 25
28: 4 17 26
29: 1 23 26
30: 11 22 23 24

1: 229
2: 162
3: 163
4: 164
5: 165
6: 166
7: 223
8: 203
9: 191
10: 192
11: 193
12: 221
13: 200
14: 201
15: 202
16: 218
17: 219
18: 220
19: 222
20: 196
21: 199
22: 198
23: 197
24: 195
25: 194
26: 167
27: 179
28: 170
29: 177
30: 178
31: 173
32: 174
33: 176
34: 175
35: 172
36: 171
37: 169
38: 168
39: 87
40: 88
41: 92
42: 95
43: 96
44: 97
45: 98
46: 99
47: 100
48: 106
49: 109
50: 107
51: 108
52: 103
53: 104
54: 105
55: 110
56: 113
57: 111
58: 112
59: 114
60: 115
61: 116
62: 119
63: 117
64: 118
65: 120
66: 121
67: 122
68: 123
69: 101
70: 102
71: 124
72: 125
73: 126
74: 127
75: 128
76: 129
77: 90
78: 91
79: 137
80: 136
81: 147
82: 146
83: 149
84: 148
85: 151
86: 150
87: 39 229
88: 40 183
89: 180 216
90: 77 231
91: 78 231
92: 41 203
93: 181 205
94: 182 205
95: 42 191
96: 43 192
97: 44 193
98: 45 200
99: 46 201
100: 47 202
101: 69 204
102: 70 204
103: 52 215
104: 53 230
105: 54 230
106: 48 213
107: 50 214
108: 51 214
109: 49 213
110: 55 211
111: 57 212
112: 58 212
113: 56 211
114: 59 206
115: 60 206
116: 61 207
117: 63 208
118: 64 208
119: 62 207
120: 65 210
121: 66 210
122: 67 209
123: 68 209
124: 71 196
125: 72 199
126: 73 197
127: 74 198
128: 75 194
129: 76 195
130: 160 228
131: 160 190
132: 158 225
133: 159 226
134: 157 227
135: 156 189
136: 80 155
137: 79 159
138: 139 216
139: 138 184
140: 147 215
141: 146 224
142: 149 188
143: 148 187
144: 151 186
145: 150 185
146: 82 141
147: 81 140
148: 84 143
149: 83 142
150: 86 145
151: 85 144
152: 154 158
153: 154 155
154: 152 153
155: 136 153
156: 135 157
157: 134 156
158: 132 152
159: 133 137
160: 130 131
161: 180 181 182
162: 2 164 216
163: 3 165 227
164: 4 162 192
165: 5 163 166
166: 6 165 219
167: 26 200 226
168: 38 179 223
169: 37 177 223
170: 28 179 201
171: 36 178 203
172: 35 178 225
173: 31 174 190
174: 32 173 222
175: 34 176 202
176: 33 175 219
177: 29 169 218
178: 30 171 172
179: 27 168 170
180: 89 161 225
181: 93 161 227
182: 94 161 226
183: 88 189 215
184: 139 187 188
185: 145 214 228
186: 144 213 228
187: 143 184 212
188: 142 184 211
189: 135 183 190
190: 131 173 189
191: 9 95 229
192: 10 96 164
193: 11 97 223
194: 25 128 221
195: 24 129 221
196: 20 124 219
197: 23 126 222
198: 22 127 222
199: 21 125 224
200: 13 98 167
201: 14 99 170
202: 15 100 175
203: 8 92 171
204: 101 102 231
205: 93 94 220
206: 114 115 217
207: 116 119 217
208: 117 118 217
209: 122 123 224
210: 120 121 230
211: 110 113 188
212: 111 112 187
213: 106 109 186
214: 107 108 185
215: 103 140 183
216: 89 138 162
217: 206 207 208 228
218: 16 177 220 229
219: 17 166 176 196
220: 18 205 218 221
221: 12 194 195 220
222: 19 174 197 198
223: 7 168 169 193
224: 141 199 209 226
225: 132 172 180 231
226: 133 167 182 224
227: 134 163 181 230
228: 130 185 186 217
229: 1 87 191 218
230: 104 105 210 227
231: 90 91 204 225

1: 9 10
2: 9 10
3: 9 10
4: 9 10
5: 9 10
6: 9 10
7: 9 10
8: 9 10
9: 1 2 3 4 5 6 7 8
10: 1 2 3 4 5 6 7 8

1: 7 8
2: 7 8
3: 7 8
4: 9 10
5: 9 10
6: 9 10
7: 1 2 3 9
8: 1 2 3 10
9: 4 5 6 7
10: 4 5 6 8

1: 2 9
2: 1 10
3: 6 10
4: 7 10
5: 8 10
6: 3 9
7: 4 9
8: 5 9
9: 1 6 7 8 10
10: 2 3 4 5 9

1: 5
2: 6
3: 7
4: 8
5: 1 9 10
6: 2 9 10
7: 3 9 10
8: 4 9 10
9: 5 6 7 8
10: 5 6 7 8

1: 9
2: 10
3: 8 11
4: 8 11
5: 8 11
6: 9 10
7: 9 10
8: 3 4 5
9: 1 6 7 11
10: 2 6 7 11
11: 3 4 5 9 10

1: 7
2: 8
3: 9 10
4: 9 10
5: 9 10
6: 7 8
7: 1 6 11
8: 2 6 11
9: 3 4 5 11
10: 3 4 5 11
11: 7 8 9 10

1: 10
2: 10
3: 10
4: 10
5: 9 11
6: 9 11
7: 9 11
8: 9 11
9: 5 6 7 8
10: 1 2 3 4 11
11: 5 6 7 8 10

1: 2 9
2: 1 10
3: 8 9
4: 6 12
5: 7 12
6: 4 11
7: 5 11
8: 3 10
9: 1 3 10 11
10: 2 8 9 12
11: 6 7 9 12
12: 4 5 10 11

1: 6
2: 7
3: 8
4: 9 10
5: 9 10
6: 1 11 12
7: 2 11 12
8: 3 11 12
9: 4 5 12
10: 4 5 12
11: 6 7 8
12: 6 7 8 9 10

1: 12
2: 12
3: 10
4: 11 12
5: 11 12
6: 7 9
7: 6 8
8: 7 9 11
9: 6 8 10
10: 3 9 11 12
11: 4 5 8 10
12: 1 2 4 5 10

1: 12
2: 11
3: 11
4: 11 12
5: 9 10
6: 9 10
7: 8 10
8: 7 11 12
9: 5 6 12
10: 5 6 7 12
11: 2 3 4 8
12: 1 4 8 9 10

1: 7
2: 8
3: 7 8
4: 7 8
5: 7 8
6: 7 8
7: 1 3 4 5 6
8: 2 3 4 5 6

1: 7
2: 5
3: 6 7
4: 6 7
5: 2 6 7
6: 3 4 5
7: 1 3 4 5

1: 10
2: 9
3: 6 13
4: 5 14
5: 4 12
6: 3 11
7: 10 13
8: 9 14
9: 2 8
10: 1 7
11: 6 12 13
12: 5 11 14
13: 3 7 11
14: 4 8 12

1: 17
2: 16
3: 32 33
4: 31 35
5: 30 34
6: 17 37
7: 16 36
8: 11 27
9: 10 26
10: 9 29
11: 8 28
12: 15 37
13: 14 36
14: 13 25
15: 12 24
16: 2 7
17: 1 6
18: 33 35 42
19: 32 34 41
20: 23 27 42
21: 22 26 41
22: 21 29 39
23: 20 28 40
24: 15 31 37
25: 14 30 36
26: 9 21 29
27: 8 20 28
28: 11 23 27
29: 10 22 26
30: 5 25 39
31: 4 24 40
32: 3 19 38
33: 3 18 38
34: 5 19 39
35: 4 18 40
36: 7 13 25
37: 6 12 24
38: 32 33 41 42
39: 22 30 34 41
40: 23 31 35 42
41: 19 21 38 39
42: 18 20 38 40

1: 14
2: 9
3: 8
4: 10 11
5: 6 13
6: 5 12
7: 9 12
8: 3 11
9: 2 7
10: 4 13 14
11: 4 8 14
12: 6 7 13
13: 5 10 12
14: 1 10 11

1: 34
2: 33
3: 15
4: 17
5: 16
6: 30 40
7: 22 24
8: 26 27
9: 25 28
10: 23 29
11: 12 42
12: 11 41
13: 14 32
14: 13 31
15: 3 21
16: 5 30
17: 4 29
18: 27 28 39
19: 20 32 39
20: 19 31 38
21: 15 22 33
22: 7 21 35
23: 10 26 34
24: 7 35 36
25: 9 36 37
26: 8 23 38
27: 8 18 38
28: 9 18 37
29: 10 17 34
30: 6 16 41
31: 14 20 32
32: 13 19 31
33: 2 21 35
34: 1 23 29
35: 22 24 33 42
36: 24 25 40 42
37: 25 28 39 40
38: 20 26 27 39
39: 18 19 37 38
40: 6 36 37 41
41: 12 30 40 42
42: 11 35 36 41

1: 11
2: 6
3: 7
4: 8
5: 9
6: 2 14
7: 3 14
8: 4 12
9: 5 13
10: 12 13 14
11: 1 12 13
12: 8 10 11
13: 9 10 11
14: 6 7 10

1: 26
2: 25
3: 28
4: 27
5: 15
6: 16
7: 17
8: 18
9: 20
10: 19
11: 22
12: 21
13: 24
14: 23
15: 5 34
16: 6 34
17: 7 33
18: 8 33
19: 10 32
20: 9 31
21: 12 30
22: 11 29
23: 14 41
24: 13 42
25: 2 30 40
26: 1 29 40
27: 4 32 41
28: 3 31 42
29: 22 26 36
30: 21 25 35
31: 20 28 39
32: 19 27 38
33: 17 18 39
34: 15 16 38
35: 30 37 40 41
36: 29 37 40 42
37: 35 36 38 39
38: 32 34 37 41
39: 31 33 37 42
40: 25 26 35 36
41: 23 27 35 38
42: 24 28 36 39

1: 15
2: 14
3: 13 16
4: 13 16
5: 12 16
6: 11 16
7: 8 11
8: 7 10
9: 12 15
10: 8 14
11: 6 7
12: 5 9
13: 3 4
14: 2 10
15: 1 9
16: 3 4 5 6

1: 25
2: 24
3: 12 29
4: 13 28
5: 7 28
6: 7 28
7: 5 6
8: 10 11
9: 27 29
10: 8 27
11: 8 27
12: 3 26
13: 4 26
14: 17 29
15: 16 28
16: 15 19
17: 14 18
18: 17 21
19: 16 20
20: 19 23
21: 18 22
22: 21 25
23: 20 24
24: 2 23
25: 1 22
26: 12 13 27 29
27: 9 10 11 26
28: 4 5 6 15
29: 3 9 14 26

1: 43
2: 42
3: 23 24
4: 20 21
5: 12 13
6: 10 11
7: 28 29
8: 18 54
9: 16 53
10: 6 54
11: 6 54
12: 5 53
13: 5 53
14: 15 52
15: 14 47
16: 9 47
17: 26 51
18: 8 51
19: 25 46
20: 4 46
21: 4 46
22: 27 49
23: 3 50
24: 3 50
25: 19 48
26: 17 44
27: 22 44
28: 7 45
29: 7 45
30: 48 49
31: 44 45
32: 35 54
33: 34 53
34: 33 37
35: 32 36
36: 35 39
37: 34 38
38: 37 41
39: 36 40
40: 39 43
41: 38 42
42: 2 41
43: 1 40
44: 26 27 31 51
45: 28 29 31 51
46: 19 20 21 48
47: 15 16 50 52
48: 25 30 46 52
49: 22 30 50 52
50: 23 24 47 49
51: 17 18 44 45
52: 14 47 48 49
53: 9 12 13 33
54: 8 10 11 32

1: 4 15
2: 8 17
3: 8 17
4: 1 14
5: 7 14
6: 7 14
7: 5 6
8: 2 3
9: 11 16
10: 13 15
11: 9 12
12: 11 16 17
13: 10 16 17
14: 4 5 6 15
15: 1 10 14 16
16: 9 12 13 15
17: 2 3 12 13

1: 5 7
2: 6 7
3: 6 7
4: 5 7
5: 1 4
6: 2 3
7: 1 2 3 4

1: 28
2: 29
3: 27
4: 26
5: 25 30
6: 25 30
7: 24 30
8: 23 30
9: 12 22
10: 11 21
11: 10 16
12: 9 15
13: 18 24
14: 17 23
15: 12 20
16: 11 19
17: 14 28
18: 13 29
19: 16 28
20: 15 29
21: 10 27
22: 9 26
23: 8 14
24: 7 13
25: 5 6
26: 4 22
27: 3 21
28: 1 17 19
29: 2 18 20
30: 5 6 7 8

1: 55
2: 54
3: 52
4: 53
5: 49
6: 48
7: 12 28
8: 11 27
9: 14 26
10: 13 25
11: 8 22
12: 7 21
13: 10 24
14: 9 23
15: 17 18
16: 19 20
17: 15 57
18: 15 57
19: 16 56
20: 16 56
21: 12 57
22: 11 56
23: 14 57
24: 13 56
25: 10 55
26: 9 54
27: 8 52
28: 7 53
29: 30 31
30: 29 32
31: 29 33
32: 30 36
33: 31 37
34: 50 52
35: 50 53
36: 32 51
37: 33 51
38: 41 55
39: 40 54
40: 39 43
41: 38 42
42: 41 45
43: 40 44
44: 43 47
45: 42 46
46: 45 49
47: 44 48
48: 6 47
49: 5 46
50: 34 35 51
51: 36 37 50
52: 3 27 34
53: 4 28 35
54: 2 26 39
55: 1 25 38
56: 19 20 22 24
57: 17 18 21 23

1: 106
2: 105
3: 102
4: 101
5: 104
6: 103
7: 94
8: 93
9: 71 111
10: 70 111
11: 16 44
12: 15 43
13: 18 42
14: 17 41
15: 12 38
16: 11 37
17: 14 40
18: 13 39
19: 33 34
20: 35 36
21: 24 46
22: 23 45
23: 22 32
24: 21 31
25: 27 28
26: 29 30
27: 25 110
28: 25 110
29: 26 109
30: 26 109
31: 24 110
32: 23 109
33: 19 108
34: 19 108
35: 20 107
36: 20 107
37: 16 108
38: 15 107
39: 18 108
40: 17 107
41: 14 106
42: 13 105
43: 12 104
44: 11 103
45: 22 102
46: 21 101
47: 48 49
48: 47 50
49: 47 51
50: 48 52
51: 49 53
52: 50 61
53: 51 60
54: 56 57
55: 58 59
56: 54 62
57: 54 63
58: 55 64
59: 55 65
60: 53 67
61: 52 66
62: 56 76
63: 57 77
64: 58 78
65: 59 79
66: 61 81
67: 60 80
68: 71 110
69: 70 109
70: 10 69
71: 9 68
72: 99 102
73: 100 101
74: 99 104
75: 100 103
76: 62 98
77: 63 98
78: 64 97
79: 65 97
80: 67 96
81: 66 95
82: 95 96
83: 86 106
84: 85 105
85: 84 88
86: 83 87
87: 86 90
88: 85 89
89: 88 92
90: 87 91
91: 90 94
92: 89 93
93: 8 92
94: 7 91
95: 81 82 111
96: 80 82 111
97: 78 79 99
98: 76 77 100
99: 72 74 97
100: 73 75 98
101: 4 46 73
102: 3 45 72
103: 6 44 75
104: 5 43 74
105: 2 42 84
106: 1 41 83
107: 35 36 38 40
108: 33 34 37 39
109: 29 30 32 69
110: 27 28 31 68
111: 9 10 95 96

1: 9 13
2: 9 13
3: 12 14
4: 12 14
5: 10 16
6: 10 16
7: 11 15
8: 11 15
9: 1 2 16
10: 5 6 13
11: 7 8 14
12: 3 4 15
13: 1 2 10 14
14: 3 4 11 13
15: 7 8 12 16
16: 5 6 9 15

1: 24 29
2: 24 29
3: 23 30
4: 23 30
5: 22 31
6: 22 31
7: 21 32
8: 21 32
9: 19 25
10: 19 25
11: 20 26
12: 20 26
13: 18 28
14: 18 28
15: 17 27
16: 17 27
17: 15 16 29
18: 13 14 30
19: 9 10 32
20: 11 12 31
21: 7 8 25
22: 5 6 26
23: 3 4 28
24: 1 2 27
25: 9 10 21 29
26: 11 12 22 30
27: 15 16 24 32
28: 13 14 23 31
29: 1 2 17 25 30
30: 3 4 18 26 29
31: 5 6 20 28 32
32: 7 8 19 27 31

1: 44 61
2: 44 61
3: 43 62
4: 43 62
5: 41 64
6: 41 64
7: 42 63
8: 42 63
9: 47 57
10: 47 57
11: 48 58
12: 48 58
13: 45 60
14: 45 60
15: 46 59
16: 46 59
17: 35 54
18: 35 54
19: 36 53
20: 36 53
21: 34 56
22: 34 56
23: 33 55
24: 33 55
25: 39 49
26: 39 49
27: 40 50
28: 40 50
29: 37 52
30: 37 52
31: 38 51
32: 38 51
33: 23 24 61
34: 21 22 62
35: 17 18 64
36: 19 20 63
37: 29 30 57
38: 31 32 58
39: 25 26 60
40: 27 28 59
41: 5 6 54
42: 7 8 53
43: 3 4 56
44: 1 2 55
45: 13 14 49
46: 15 16 50
47: 9 10 52
48: 11 12 51
49: 25 26 45 61
50: 27 28 46 62
51: 31 32 48 64
52: 29 30 47 63
53: 19 20 42 57
54: 17 18 41 58
55: 23 24 44 60
56: 21 22 43 59
57: 9 10 37 53 61
58: 11 12 38 54 62
59: 15 16 40 56 64
60: 13 14 39 55 63
61: 1 2 33 49 57 62
62: 3 4 34 50 58 61
63: 7 8 36 52 60 64
64: 5 6 35 51 59 63

1: 84 125
2: 84 125
3: 83 126
4: 83 126
5: 81 127
6: 81 127
7: 82 128
8: 82 128
9: 87 121
10: 87 121
11: 88 122
12: 88 122
13: 85 123
14: 85 123
15: 86 124
16: 86 124
17: 91 118
18: 91 118
19: 89 120
20: 89 120
21: 90 119
22: 90 119
23: 92 117
24: 92 117
25: 93 115
26: 93 115
27: 94 116
28: 94 116
29: 95 113
30: 95 113
31: 96 114
32: 96 114
33: 68 105
34: 68 105
35: 67 106
36: 67 106
37: 66 108
38: 66 108
39: 65 107
40: 65 107
41: 72 109
42: 72 109
43: 71 110
44: 71 110
45: 69 112
46: 69 112
47: 70 111
48: 70 111
49: 75 97
50: 75 97
51: 76 98
52: 76 98
53: 73 100
54: 73 100
55: 74 99
56: 74 99
57: 80 101
58: 80 101
59: 79 102
60: 79 102
61: 77 104
62: 77 104
63: 78 103
64: 78 103
65: 39 40 125
66: 37 38 126
67: 35 36 128
68: 33 34 127
69: 45 46 121
70: 47 48 122
71: 43 44 124
72: 41 42 123
73: 53 54 118
74: 55 56 117
75: 49 50 120
76: 51 52 119
77: 61 62 113
78: 63 64 114
79: 59 60 116
80: 57 58 115
81: 5 6 105
82: 7 8 106
83: 3 4 108
84: 1 2 107
85: 13 14 109
86: 15 16 110
87: 9 10 112
88: 11 12 111
89: 19 20 97
90: 21 22 98
91: 17 18 100
92: 23 24 99
93: 25 26 101
94: 27 28 102
95: 29 30 104
96: 31 32 103
97: 49 50 89 125
98: 51 52 90 126
99: 55 56 92 128
100: 53 54 91 127
101: 57 58 93 121
102: 59 60 94 122
103: 63 64 96 124
104: 61 62 95 123
105: 33 34 81 118
106: 35 36 82 117
107: 39 40 84 120
108: 37 38 83 119
109: 41 42 85 113
110: 43 44 86 114
111: 47 48 88 116
112: 45 46 87 115
113: 29 30 77 109 125
114: 31 32 78 110 126
115: 25 26 80 112 128
116: 27 28 79 111 127
117: 23 24 74 106 121
118: 17 18 73 105 122
119: 21 22 76 108 124
120: 19 20 75 107 123
121: 9 10 69 101 117 125
122: 11 12 70 102 118 126
123: 13 14 72 104 120 128
124: 15 16 71 103 119 127
125: 1 2 65 97 113 121 126
126: 3 4 66 98 114 122 125
127: 5 6 68 100 116 124 128
128: 7 8 67 99 115 123 127

1: 5 6
2: 5 6
3: 7 8
4: 7 8
5: 1 2 7
6: 1 2 8
7: 3 4 5
8: 3 4 6

1: 7
2: 4 7
3: 5 7
4: 2 6
5: 3 6
6: 4 5 7
7: 1 2 3 6

1: 8
2: 8
3: 6
4: 7
5: 6 7
6: 3 5 8
7: 4 5 8
8: 1 2 6 7

1: 6
2: 7
3: 8
4: 6 7 8
5: 6 7 8
6: 1 4 5
7: 2 4 5
8: 3 4 5

1: 2 7
2: 1 8
3: 5 8
4: 6 8
5: 3 7
6: 4 7
7: 1 5 6
8: 2 3 4

1: 25
2: 23
3: 24
4: 27
5: 26
6: 22
7: 11 13
8: 10 12
9: 15 26
10: 8 25
11: 7 23
12: 8 27
13: 7 24
14: 22 23
15: 9 20
16: 21 25
17: 21 22
18: 20 24
19: 20 21
20: 15 18 19
21: 16 17 19
22: 6 14 17
23: 2 11 14
24: 3 13 18
25: 1 10 16
26: 5 9 27
27: 4 12 26

1: 2 12
2: 1 11
3: 6 7
4: 5 10
5: 4 9
6: 3 8
7: 3 8 11
8: 6 7 12
9: 5 10 12
10: 4 9 11
11: 2 7 10 12
12: 1 8 9 11

1: 2 3
2: 1 12
3: 1 11
4: 5 6
5: 4 7
6: 4 8
7: 5 9
8: 6 10
9: 7 12
10: 8 11
11: 3 10
12: 2 9

1: 2 3
2: 1 14
3: 1 13
4: 5 6
5: 4 7
6: 4 8
7: 5 9
8: 6 10
9: 7 12
10: 8 11
11: 10 14
12: 9 13
13: 3 12
14: 2 11

1: 2 3
2: 1 16
3: 1 15
4: 5 6
5: 4 7
6: 4 8
7: 5 9
8: 6 10
9: 7 12
10: 8 11
11: 10 14
12: 9 13
13: 12 16
14: 11 15
15: 3 14
16: 2 13

1: 2 3
2: 1 18
3: 1 17
4: 5 6
5: 4 7
6: 4 8
7: 5 9
8: 6 10
9: 7 12
10: 8 11
11: 10 14
12: 9 13
13: 12 16
14: 11 15
15: 14 18
16: 13 17
17: 3 16
18: 2 15

1: 2 3
2: 1 20
3: 1 19
4: 5 6
5: 4 7
6: 4 8
7: 5 9
8: 6 10
9: 7 12
10: 8 11
11: 10 14
12: 9 13
13: 12 16
14: 11 15
15: 14 18
16: 13 17
17: 16 20
18: 15 19
19: 3 18
20: 2 17

1: 2 3
2: 1 22
3: 1 21
4: 5 6
5: 4 7
6: 4 8
7: 5 9
8: 6 10
9: 7 12
10: 8 11
11: 10 14
12: 9 13
13: 12 16
14: 11 15
15: 14 18
16: 13 17
17: 16 20
18: 15 19
19: 18 22
20: 17 21
21: 3 20
22: 2 19

1: 2 3
2: 1 24
3: 1 23
4: 5 6
5: 4 7
6: 4 8
7: 5 9
8: 6 10
9: 7 12
10: 8 11
11: 10 14
12: 9 13
13: 12 16
14: 11 15
15: 14 18
16: 13 17
17: 16 20
18: 15 19
19: 18 22
20: 17 21
21: 20 24
22: 19 23
23: 3 22
24: 2 21

1: 2 3
2: 1 26
3: 1 25
4: 5 6
5: 4 7
6: 4 8
7: 5 9
8: 6 10
9: 7 12
10: 8 11
11: 10 14
12: 9 13
13: 12 16
14: 11 15
15: 14 18
16: 13 17
17: 16 20
18: 15 19
19: 18 22
20: 17 21
21: 20 24
22: 19 23
23: 22 26
24: 21 25
25: 3 24
26: 2 23

1: 2 3
2: 1 28
3: 1 27
4: 5 6
5: 4 7
6: 4 8
7: 5 9
8: 6 10
9: 7 12
10: 8 11
11: 10 14
12: 9 13
13: 12 16
14: 11 15
15: 14 18
16: 13 17
17: 16 20
18: 15 19
19: 18 22
20: 17 21
21: 20 24
22: 19 23
23: 22 26
24: 21 25
25: 24 28
26: 23 27
27: 3 26
28: 2 25

1: 2 3
2: 1 30
3: 1 29
4: 5 6
5: 4 7
6: 4 8
7: 5 9
8: 6 10
9: 7 12
10: 8 11
11: 10 14
12: 9 13
13: 12 16
14: 11 15
15: 14 18
16: 13 17
17: 16 20
18: 15 19
19: 18 22
20: 17 21
21: 20 24
22: 19 23
23: 22 26
24: 21 25
25: 24 28
26: 23 27
27: 26 30
28: 25 29
29: 3 28
30: 2 27

1: 2 3
2: 1 32
3: 1 31
4: 5 6
5: 4 7
6: 4 8
7: 5 9
8: 6 10
9: 7 12
10: 8 11
11: 10 14
12: 9 13
13: 12 16
14: 11 15
15: 14 18
16: 13 17
17: 16 20
18: 15 19
19: 18 22
20: 17 21
21: 20 24
22: 19 23
23: 22 26
24: 21 25
25: 24 28
26: 23 27
27: 26 30
28: 25 29
29: 28 32
30: 27 31
31: 3 30
32: 2 29

1: 2 3
2: 1 34
3: 1 33
4: 5 6
5: 4 7
6: 4 8
7: 5 9
8: 6 10
9: 7 12
10: 8 11
11: 10 14
12: 9 13
13: 12 16
14: 11 15
15: 14 18
16: 13 17
17: 16 20
18: 15 19
19: 18 22
20: 17 21
21: 20 24
22: 19 23
23: 22 26
24: 21 25
25: 24 28
26: 23 27
27: 26 30
28: 25 29
29: 28 32
30: 27 31
31: 30 34
32: 29 33
33: 3 32
34: 2 31

1: 2 3
2: 1 36
3: 1 35
4: 5 6
5: 4 7
6: 4 8
7: 5 9
8: 6 10
9: 7 12
10: 8 11
11: 10 14
12: 9 13
13: 12 16
14: 11 15
15: 14 18
16: 13 17
17: 16 20
18: 15 19
19: 18 22
20: 17 21
21: 20 24
22: 19 23
23: 22 26
24: 21 25
25: 24 28
26: 23 27
27: 26 30
28: 25 29
29: 28 32
30: 27 31
31: 30 34
32: 29 33
33: 32 36
34: 31 35
35: 3 34
36: 2 33

1: 2 3
2: 1 38
3: 1 37
4: 5 6
5: 4 7
6: 4 8
7: 5 9
8: 6 10
9: 7 12
10: 8 11
11: 10 14
12: 9 13
13: 12 16
14: 11 15
15: 14 18
16: 13 17
17: 16 20
18: 15 19
19: 18 22
20: 17 21
21: 20 24
22: 19 23
23: 22 26
24: 21 25
25: 24 28
26: 23 27
27: 26 30
28: 25 29
29: 28 32
30: 27 31
31: 30 34
32: 29 33
33: 32 36
34: 31 35
35: 34 38
36: 33 37
37: 3 36
38: 2 35

1: 2 3
2: 1 40
3: 1 39
4: 5 6
5: 4 7
6: 4 8
7: 5 9
8: 6 10
9: 7 12
10: 8 11
11: 10 14
12: 9 13
13: 12 16
14: 11 15
15: 14 18
16: 13 17
17: 16 20
18: 15 19
19: 18 22
20: 17 21
21: 20 24
22: 19 23
23: 22 26
24: 21 25
25: 24 28
26: 23 27
27: 26 30
28: 25 29
29: 28 32
30: 27 31
31: 30 34
32: 29 33
33: 32 36
34: 31 35
35: 34 38
36: 33 37
37: 36 40
38: 35 39
39: 3 38
40: 2 37

1: 2 3
2: 1 42
3: 1 41
4: 5 6
5: 4 7
6: 4 8
7: 5 9
8: 6 10
9: 7 12
10: 8 11
11: 10 14
12: 9 13
13: 12 16
14: 11 15
15: 14 18
16: 13 17
17: 16 20
18: 15 19
19: 18 22
20: 17 21
21: 20 24
22: 19 23
23: 22 26
24: 21 25
25: 24 28
26: 23 27
27: 26 30
28: 25 29
29: 28 32
30: 27 31
31: 30 34
32: 29 33
33: 32 36
34: 31 35
35: 34 38
36: 33 37
37: 36 40
38: 35 39
39: 38 42
40: 37 41
41: 3 40
42: 2 39

1: 2 3
2: 1 44
3: 1 43
4: 5 6
5: 4 7
6: 4 8
7: 5 9
8: 6 10
9: 7 12
10: 8 11
11: 10 14
12: 9 13
13: 12 16
14: 11 15
15: 14 18
16: 13 17
17: 16 20
18: 15 19
19: 18 22
20: 17 21
21: 20 24
22: 19 23
23: 22 26
24: 21 25
25: 24 28
26: 23 27
27: 26 30
28: 25 29
29: 28 32
30: 27 31
31: 30 34
32: 29 33
33: 32 36
34: 31 35
35: 34 38
36: 33 37
37: 36 40
38: 35 39
39: 38 42
40: 37 41
41: 40 44
42: 39 43
43: 3 42
44: 2 41

1: 2 3
2: 1 46
3: 1 45
4: 5 6
5: 4 7
6: 4 8
7: 5 9
8: 6 10
9: 7 12
10: 8 11
11: 10 14
12: 9 13
13: 12 16
14: 11 15
15: 14 18
16: 13 17
17: 16 20
18: 15 19
19: 18 22
20: 17 21
21: 20 24
22: 19 23
23: 22 26
24: 21 25
25: 24 28
26: 23 27
27: 26 30
28: 25 29
29: 28 32
30: 27 31
31: 30 34
32: 29 33
33: 32 36
34: 31 35
35: 34 38
36: 33 37
37: 36 40
38: 35 39
39: 38 42
40: 37 41
41: 40 44
42: 39 43
43: 42 46
44: 41 45
45: 3 44
46: 2 43

1: 20
2: 20
3: 20
4: 11
5: 12
6: 14
7: 19
8: 18
9: 15
10: 16
11: 4 13
12: 5 14 20
13: 11 15 16
14: 6 12 17
15: 9 13 18
16: 10 13 19
17: 14 18 19
18: 8 15 17
19: 7 16 17
20: 1 2 3 12

1: 20
2: 21
3: 33
4: 33
5: 28
6: 29
7: 30
8: 30
9: 30
10: 31
11: 32
12: 32
13: 32
14: 31
15: 31
16: 27
17: 26
18: 23
19: 24
20: 1 21
21: 2 20 28
22: 23 24 33
23: 18 22 26
24: 19 22 27
25: 26 27 28
26: 17 23 25
27: 16 24 25
28: 5 21 25 30
29: 6 31 32 33
30: 7 8 9 28
31: 10 14 15 29
32: 11 12 13 29
33: 3 4 22 29

1: 21
2: 21
3: 21
4: 20
5: 13
6: 15
7: 16
8: 18
9: 17
10: 11
11: 10 20
12: 13 19
13: 5 12 21
14: 15 19 20
15: 6 14 16
16: 7 15 17
17: 9 16 18
18: 8 17 19
19: 12 14 18
20: 4 11 14
21: 1 2 3 13

1: 36
2: 37
3: 37
4: 40
5: 40
6: 40
7: 38
8: 38
9: 38
10: 39
11: 39
12: 35
13: 34
14: 31
15: 33
16: 32
17: 29
18: 30
19: 26
20: 24
21: 25
22: 23 36
23: 22 24 25
24: 20 23 34
25: 21 23 35
26: 19 39 40
27: 34 35 38
28: 29 30 36
29: 17 28 32
30: 18 28 33
31: 14 32 33
32: 16 29 31
33: 15 30 31
34: 13 24 27
35: 12 25 27
36: 1 22 28 37
37: 2 3 36 39
38: 7 8 9 27
39: 10 11 26 37
40: 4 5 6 26

1: 33
2: 35
3: 23
4: 24
5: 25
6: 26
7: 29
8: 31
9: 30
10: 27
11: 28
12: 39
13: 37
14: 37
15: 37
16: 38
17: 38
18: 19
19: 18 36
20: 34 35
21: 23 34 36
22: 35 36 39
23: 3 21 24
24: 4 23 25
25: 5 24 26
26: 6 25 34
27: 10 30 32
28: 11 31 32
29: 7 30 31
30: 9 27 29
31: 8 28 29
32: 27 28 39
33: 1 37 38
34: 20 21 26
35: 2 20 22
36: 19 21 22
37: 13 14 15 33
38: 16 17 33 39
39: 12 22 32 38

1: 40
2: 44
3: 38
4: 38
5: 43
6: 43
7: 43
8: 39
9: 39
10: 41
11: 41
12: 42
13: 42
14: 36
15: 37
16: 37
17: 37
18: 36
19: 36
20: 34
21: 33
22: 31
23: 29
24: 30
25: 27
26: 35 41
27: 25 44
28: 42 43
29: 23 33 35
30: 24 34 35
31: 22 39 40
32: 33 34 38
33: 21 29 32
34: 20 30 32
35: 26 29 30
36: 14 18 19 40
37: 15 16 17 40
38: 3 4 32 42
39: 8 9 31 44
40: 1 31 36 37
41: 10 11 26 44
42: 12 13 28 38
43: 5 6 7 28
44: 2 27 39 41

1: 35
2: 35
3: 32
4: 34
5: 20
6: 20
7: 23
8: 24
9: 29
10: 28
11: 26
12: 25
13: 21
14: 22
15: 19
16: 18
17: 30 31
18: 16 33
19: 15 32
20: 5 6 34
21: 13 25 33
22: 14 26 33
23: 7 28 30
24: 8 29 30
25: 12 21 31
26: 11 22 31
27: 28 29 35
28: 10 23 27
29: 9 24 27
30: 17 23 24
31: 17 25 26
32: 3 19 34
33: 18 21 22
34: 4 20 32 35
35: 1 2 27 34

1: 65
2: 68
3: 49
4: 64
5: 48
6: 50
7: 53
8: 53
9: 54
10: 54
11: 54
12: 56
13: 56
14: 62
15: 62
16: 62
17: 63
18: 66
19: 67
20: 61
21: 61
22: 61
23: 60
24: 60
25: 57
26: 57
27: 58
28: 59
29: 59
30: 59
31: 58
32: 58
33: 52
34: 52
35: 51
36: 51
37: 45
38: 44
39: 47
40: 41
41: 40 66
42: 49 68
43: 48 67
44: 38 47 64
45: 37 46 63
46: 45 47 65
47: 39 44 46
48: 5 43 55
49: 3 42 53
50: 6 56 64 65
51: 35 36 56 68
52: 33 34 66 68
53: 7 8 49 66
54: 9 10 11 64
55: 48 57 58 59
56: 12 13 50 51
57: 25 26 55 62
58: 27 31 32 55
59: 28 29 30 55
60: 23 24 63 67
61: 20 21 22 63
62: 14 15 16 57
63: 17 45 60 61
64: 4 44 50 54
65: 1 46 50 67
66: 18 41 52 53
67: 19 43 60 65
68: 2 42 51 52

1: 53
2: 53
3: 46
4: 46
5: 46
6: 52
7: 52
8: 49
9: 50
10: 50
11: 51
12: 51
13: 51
14: 48
15: 48
16: 48
17: 47
18: 47
19: 45
20: 37
21: 41
22: 33
23: 33
24: 43
25: 42
26: 39
27: 40
28: 52 53
29: 45 50
30: 32 51
31: 32 44
32: 30 31
33: 22 23 47
34: 36 45 49
35: 37 44 48
36: 34 37 53
37: 20 35 36
38: 39 40 49
39: 26 38 42
40: 27 38 43
41: 21 42 43
42: 25 39 41
43: 24 40 41
44: 31 35 49
45: 19 29 34
46: 3 4 5 50
47: 17 18 33 52
48: 14 15 16 35
49: 8 34 38 44
50: 9 10 29 46
51: 11 12 13 30
52: 6 7 28 47
53: 1 2 28 36

1: 34
2: 33
3: 30
4: 32
5: 28
6: 20
7: 21
8: 21
9: 27
10: 24
11: 24
12: 23
13: 19
14: 18
15: 17 30
16: 17 31
17: 15 16
18: 14 33 34
19: 13 31 34
20: 6 25 32
21: 7 8 26
22: 27 30 31
23: 12 29 32
24: 10 11 29
25: 20 27 34
26: 21 28 33
27: 9 22 25
28: 5 26 29
29: 23 24 28
30: 3 15 22
31: 16 19 22
32: 4 20 23 33
33: 2 18 26 32
34: 1 18 19 25

1: 23
2: 23
3: 25
4: 25
5: 24
6: 24
7: 14
8: 14
9: 15
10: 16
11: 17
12: 20
13: 19
14: 7 8 23
15: 9 24 25
16: 10 22 24
17: 11 19 22
18: 20 22 25
19: 13 17 21
20: 12 18 21
21: 19 20 23
22: 16 17 18
23: 1 2 14 21
24: 5 6 15 16
25: 3 4 15 18

1: 7
2: 8
3: 5 7
4: 6 7
5: 3 8
6: 4 8
7: 1 3 4 8
8: 2 5 6 7

1: 8
2: 6
3: 4 8
4: 3 7
5: 6 7
6: 2 5
7: 4 5 8
8: 1 3 7

1: 8
2: 6
3: 4 8
4: 3 7
5: 6 7
6: 2 5 8
7: 4 5 8
8: 1 3 6 7

1: 6
2: 7
3: 4
4: 3 8
5: 7 8
6: 1 7 8
7: 2 5 6
8: 4 5 6

1: 2 5
2: 1 7
3: 4 8
4: 3 6
5: 1 6 7
6: 4 5 8
7: 2 5 8
8: 3 6 7

1: 10
2: 8
3: 9
4: 7 10
5: 6 10
6: 5 8
7: 4 9
8: 2 6
9: 3 7 10
10: 1 4 5 9

1: 7
2: 8
3: 10
4: 9
5: 6 7 10
6: 5 8 9
7: 1 5 8
8: 2 6 7
9: 4 6 10
10: 3 5 9

1: 10
2: 9
3: 8
4: 6
5: 7 8
6: 4 9 10
7: 5 9 10
8: 3 5 10
9: 2 6 7
10: 1 6 7 8

1: 10
2: 9
3: 6
4: 7
5: 8
6: 3 10
7: 4 9 10
8: 5 9 10
9: 2 7 8
10: 1 6 7 8

1: 9
2: 10
3: 6
4: 7
5: 8
6: 3 9 10
7: 4 9 10
8: 5 9 10
9: 1 6 7 8
10: 2 6 7 8

1: 9
2: 10
3: 6 9
4: 7 9
5: 8 9
6: 3 10
7: 4 10
8: 5 10
9: 1 3 4 5 10
10: 2 6 7 8 9

1: 10
2: 6
3: 9
4: 7 10
5: 8 10
6: 2 10
7: 4 9
8: 5 9
9: 3 7 8 10
10: 1 4 5 6 9

1: 10
2: 6
3: 7
4: 8
5: 9 10
6: 2 10
7: 3 9
8: 4 9 10
9: 5 7 8
10: 1 5 6 8

1: 10
2: 8
3: 7 10
4: 5 10
5: 4 9
6: 8 9
7: 3 8 9
8: 2 6 7
9: 5 6 7 10
10: 1 3 4 9

1: 10
2: 5
3: 7
4: 8
5: 2 6
6: 5 9 10
7: 3 9 10
8: 4 9 10
9: 6 7 8
10: 1 6 7 8

1: 7
2: 5
3: 9 10
4: 6 8
5: 2 8
6: 4 9 10
7: 1 9 10
8: 4 5 10
9: 3 6 7
10: 3 6 7 8

1: 7
2: 10
3: 12
4: 11
5: 8
6: 9
7: 1 8 9
8: 5 7 11
9: 6 7 12
10: 2 11 12
11: 4 8 10
12: 3 9 10

1: 12
2: 8
3: 4 12
4: 3 9
5: 8 10
6: 7 11
7: 6 10
8: 2 5
9: 4 11 12
10: 5 7 11
11: 6 9 10
12: 1 3 9

1: 2 7
2: 1 9
3: 6 12
4: 5 10
5: 4 11
6: 3 8
7: 1 8 9
8: 6 7 12
9: 2 7 11
10: 4 11 12
11: 5 9 10
12: 3 8 10

1: 9
2: 12
3: 14
4: 13
5: 15
6: 16
7: 11
8: 10
9: 1 10 11
10: 8 9 15
11: 7 9 16
12: 2 13 14
13: 4 12 15
14: 3 12 16
15: 5 10 13
16: 6 11 14

1: 16
2: 10
3: 4 16
4: 3 11
5: 10 12
6: 9 12
7: 8 15
8: 7 13
9: 6 14
10: 2 5
11: 4 13 16
12: 5 6 14
13: 8 11 15
14: 9 12 15
15: 7 13 14
16: 1 3 11

1: 2 9
2: 1 11
3: 8 16
4: 7 12
5: 6 14
6: 5 15
7: 4 13
8: 3 10
9: 1 10 11
10: 8 9 16
11: 2 9 15
12: 4 13 16
13: 7 12 14
14: 5 13 15
15: 6 11 14
16: 3 10 12

1: 11
2: 14
3: 16
4: 15
5: 17
6: 18
7: 20
8: 19
9: 13
10: 12
11: 1 12 13
12: 10 11 20
13: 9 11 19
14: 2 15 16
15: 4 14 17
16: 3 14 18
17: 5 15 19
18: 6 16 20
19: 8 13 17
20: 7 12 18

1: 20
2: 12
3: 4 20
4: 3 13
5: 12 14
6: 7 14
7: 6 16
8: 9 15
9: 8 17
10: 11 19
11: 10 18
12: 2 5
13: 4 15 20
14: 5 6 16
15: 8 13 17
16: 7 14 18
17: 9 15 19
18: 11 16 19
19: 10 17 18
20: 1 3 13

1: 2 11
2: 1 13
3: 10 20
4: 5 14
5: 4 15
6: 9 16
7: 8 18
8: 7 19
9: 6 17
10: 3 12
11: 1 12 13
12: 10 11 20
13: 2 11 19
14: 4 15 20
15: 5 14 16
16: 6 15 17
17: 9 16 18
18: 7 17 19
19: 8 13 18
20: 3 12 14

1: 8
2: 4 9
3: 5 9
4: 2 6
5: 3 7
6: 4 8 9
7: 5 8 9
8: 1 6 7
9: 2 3 6 7

1: 23
2: 18
3: 19
4: 20
5: 12
6: 13
7: 22
8: 21
9: 15 23
10: 16 17
11: 14 17
12: 5 16
13: 6 15
14: 11 21 23
15: 9 13 22
16: 10 12 18
17: 10 11 20
18: 2 16 19
19: 3 18 20
20: 4 17 19
21: 8 14 22
22: 7 15 21
23: 1 9 14

1: 23
2: 18
3: 19
4: 20
5: 22
6: 12
7: 13
8: 21
9: 15 23
10: 16 17
11: 14 17
12: 6 16
13: 7 15
14: 11 18 22
15: 9 13 22
16: 10 12 19
17: 10 11 21
18: 2 14 23
19: 3 16 20
20: 4 19 21
21: 8 17 20
22: 5 14 15
23: 1 9 18

1: 23
2: 16
3: 17
4: 20
5: 18
6: 19
7: 11
8: 10
9: 14 23
10: 8 23
11: 7 21
12: 15 22
13: 21 22
14: 9 16
15: 12 18 23
16: 2 14 18
17: 3 19 22
18: 5 15 16
19: 6 17 20
20: 4 19 21
21: 11 13 20
22: 12 13 17
23: 1 9 10 15

1: 23
2: 18
3: 19
4: 20
5: 22
6: 12
7: 13
8: 21
9: 15 23
10: 16 17
11: 14 17
12: 6 16
13: 7 15
14: 11 15 19
15: 9 13 14
16: 10 12 20
17: 10 11 22
18: 2 19 23
19: 3 14 18
20: 4 16 21
21: 8 20 22
22: 5 17 21
23: 1 9 18

1: 13
2: 23
3: 17
4: 18
5: 19
6: 20
7: 22
8: 21
9: 15 23
10: 14 16
11: 12 16
12: 11 15
13: 1 14
14: 10 13 22
15: 9 12 19
16: 10 11 20
17: 3 18 23
18: 4 17 19
19: 5 15 18
20: 6 16 21
21: 8 20 22
22: 7 14 21
23: 2 9 17

1: 12
2: 10
3: 10 12
4: 11 12
5: 8 11
6: 9 11
7: 8 9
8: 5 7
9: 6 7
10: 2 3
11: 4 5 6
12: 1 3 4

1: 10
2: 10
3: 9
4: 5 9
5: 4 8
6: 7 8
7: 6 9 10
8: 5 6 10
9: 3 4 7
10: 1 2 7 8

1: 11
2: 11
3: 11
4: 10
5: 7 10
6: 8 10
7: 5 9
8: 6 9
9: 7 8 11
10: 4 5 6
11: 1 2 3 9

1: 11
2: 11
3: 4
4: 3 10
5: 6 10
6: 5 9
7: 8 9
8: 7 10 11
9: 6 7 11
10: 4 5 8
11: 1 2 8 9

1: 10
2: 10
3: 9 10
4: 7 9
5: 8 9
6: 7 8
7: 4 6
8: 5 6
9: 3 4 5
10: 1 2 3

1: 5
2: 5 9
3: 7 9
4: 8 9
5: 1 2
6: 7 8
7: 3 6
8: 4 6
9: 2 3 4

1: 9
2: 9
3: 8
4: 6 9
5: 7 9
6: 4 8
7: 5 8
8: 3 6 7
9: 1 2 4 5

1: 12
2: 12
3: 12
4: 11
5: 11
6: 9
7: 10
8: 11 12
9: 6 10
10: 7 9 11 12
11: 4 5 8 10
12: 1 2 3 8 10

1: 7
2: 8
3: 5 7
4: 6 7
5: 3 8
6: 4 8
7: 1 3 4
8: 2 5 6

1: 8 9
2: 8 9
3: 8 9
4: 6 7
5: 6 7
6: 4 5 8
7: 4 5 9
8: 1 2 3 6
9: 1 2 3 7

1: 8 9
2: 8 9
3: 8 9
4: 8 9
5: 8 9
6: 8 9
7: 8 9
8: 1 2 3 4 5 6 7
9: 1 2 3 4 5 6 7

1: 2 9
2: 1 10
3: 6 10
4: 7 10
5: 8 10
6: 3 9
7: 4 9
8: 5 9
9: 1 6 7 8
10: 2 3 4 5

1: 17
2: 17
3: 16
4: 16
5: 16
6: 13
7: 12 14
8: 13 15
9: 11 17
10: 11 15
11: 9 10
12: 7 15 17
13: 6 8 14
14: 7 13 16
15: 8 10 12
16: 3 4 5 14
17: 1 2 9 12

1: 21
2: 21
3: 20
4: 13
5: 12
6: 17 21
7: 14 16
8: 15 16
9: 11 17
10: 11 19
11: 9 10
12: 5 19
13: 4 18
14: 7 20
15: 8 20
16: 7 8 21
17: 6 9 18
18: 13 17 19
19: 10 12 18
20: 3 14 15
21: 1 2 6 16

1: 15
2: 20
3: 20
4: 19
5: 19
6: 10 16
7: 14 18
8: 13 18
9: 18 20
10: 6 11
11: 10 12
12: 11 17
13: 8 17
14: 7 19
15: 1 16
16: 6 15 17
17: 12 13 16
18: 7 8 9
19: 4 5 14
20: 2 3 9

1: 2 3
2: 1 48
3: 1 47
4: 5 6
5: 4 7
6: 4 8
7: 5 9
8: 6 10
9: 7 12
10: 8 11
11: 10 14
12: 9 13
13: 12 16
14: 11 15
15: 14 18
16: 13 17
17: 16 20
18: 15 19
19: 18 22
20: 17 21
21: 20 24
22: 19 23
23: 22 26
24: 21 25
25: 24 28
26: 23 27
27: 26 30
28: 25 29
29: 28 32
30: 27 31
31: 30 34
32: 29 33
33: 32 36
34: 31 35
35: 34 38
36: 33 37
37: 36 40
38: 35 39
39: 38 42
40: 37 41
41: 40 44
42: 39 43
43: 42 46
44: 41 45
45: 44 48
46: 43 47
47: 3 46
48: 2 45

1: 7 10
2: 7 10
3: 8 10
4: 9 10
5: 9 10
6: 8 10
7: 1 2
8: 3 6
9: 4 5
10: 1 2 3 4 5 6

1: 7
2: 8
3: 8
4: 7
5: 7 8
6: 7 8
7: 1 4 5 6
8: 2 3 5 6

1: 31
2: 31
3: 31
4: 24
5: 27
6: 23
7: 21
8: 20
9: 19
10: 18
11: 30
12: 30
13: 30
14: 29
15: 17
16: 28 31
17: 15 27
18: 10 25 28
19: 9 24 28
20: 8 23 26
21: 7 22 26
22: 21 24 25
23: 6 20 25
24: 4 19 22
25: 18 22 23
26: 20 21 29
27: 5 17 29
28: 16 18 19
29: 14 26 27 30
30: 11 12 13 29
31: 1 2 3 16

1: 17
2: 18
3: 33
4: 33
5: 33
6: 32
7: 29
8: 22
9: 23
10: 24
11: 20
12: 19
13: 25
14: 28
15: 27
16: 26
17: 1 18
18: 2 17 32
19: 12 21 22
20: 11 23 24
21: 19 25 32
22: 8 19 28
23: 9 20 26
24: 10 20 27
25: 13 21 30
26: 16 23 31
27: 15 24 31
28: 14 22 30
29: 7 30 31
30: 25 28 29
31: 26 27 29
32: 6 18 21 33
33: 3 4 5 32

1: 30
2: 30
3: 15
4: 29
5: 16
6: 20
7: 28
8: 24
9: 27
10: 26
11: 25
12: 22
13: 23
14: 18
15: 3 16
16: 5 15 30
17: 18 19 30
18: 14 17 29
19: 17 27 28
20: 6 27 29
21: 22 23 28
22: 12 21 25
23: 13 21 26
24: 8 25 26
25: 11 22 24
26: 10 23 24
27: 9 19 20
28: 7 19 21
29: 4 18 20
30: 1 2 16 17

1: 23
2: 23
3: 17
4: 22
5: 21
6: 10 16
7: 14 20
8: 15 20
9: 20 21
10: 6 11
11: 10 12
12: 11 19
13: 14 15
14: 7 13
15: 8 13
16: 6 19 23
17: 3 18 23
18: 17 21 22
19: 12 16 22
20: 7 8 9
21: 5 9 18
22: 4 18 19
23: 1 2 16 17

1: 32
2: 32
3: 29
4: 31
5: 31
6: 31
7: 18
8: 19
9: 20
10: 26
11: 25
12: 24
13: 22
14: 22
15: 21
16: 28 29
17: 27 30
18: 7 28 32
19: 8 24 30
20: 9 25 30
21: 15 23 27
22: 13 14 23
23: 21 22 29
24: 12 19 26
25: 11 20 26
26: 10 24 25
27: 17 21 28
28: 16 18 27
29: 3 16 23
30: 17 19 20
31: 4 5 6 32
32: 1 2 18 31

1: 17
2: 18
3: 31
4: 22
5: 30
6: 33
7: 33
8: 33
9: 29
10: 26
11: 27
12: 32
13: 32
14: 32
15: 25
16: 20
17: 1 18
18: 2 17 19
19: 18 20 21
20: 16 19 31
21: 19 29 30
22: 4 29 31
23: 24 25 30
24: 23 28 33
25: 15 23 27
26: 10 27 28
27: 11 25 26
28: 24 26 32
29: 9 21 22
30: 5 21 23
31: 3 20 22
32: 12 13 14 28
33: 6 7 8 24

1: 2 5
2: 1 6
3: 4 8
4: 3 7
5: 1 7
6: 2 8
7: 4 5 8
8: 3 6 7

1: 2 13
2: 1 14
3: 9 13
4: 10 13
5: 8 16
6: 11 16
7: 12 16
8: 5 15
9: 3 15
10: 4 15
11: 6 14
12: 7 14
13: 1 3 4 14 15
14: 2 11 12 13 16
15: 8 9 10 13 16
16: 5 6 7 14 15

1: 7 8
2: 7 8
3: 7 8
4: 7 8
5: 7 8
6: 7 8
7: 1 2 3 4 5 6
8: 1 2 3 4 5 6

1: 7
2: 5
3: 4 7
4: 3 6
5: 2 6
6: 4 5 7
7: 1 3 6

1: 5
2: 5 7
3: 4 7
4: 3 6
5: 1 2 6
6: 4 5 7
7: 2 3 6

1: 2 12
2: 1 11
3: 9 11
4: 10 12
5: 10 12
6: 10 12
7: 9 11
8: 9 11
9: 3 7 8 10
10: 4 5 6 9
11: 2 3 7 8 12
12: 1 4 5 6 11

1: 3 6
2: 4 5
3: 1 9
4: 2 10
5: 2 10
6: 1 9
7: 9 10
8: 9 10
9: 3 6 7 8
10: 4 5 7 8

1: 2 3
2: 1 4
3: 1 5
4: 2 8
5: 3 9
6: 8 9
7: 8 9
8: 4 6 7
9: 5 6 7

1: 3 5
2: 4 6
3: 1 8
4: 2 9
5: 1 9
6: 2 8
7: 8 9
8: 3 6 7
9: 4 5 7

1: 2 3
2: 1 4
3: 1 5
4: 2 6
5: 3 10
6: 4 9
7: 8 10
8: 7 9
9: 6 8 10
10: 5 7 9

1: 4 5
2: 3 8
3: 2 7
4: 1 6
5: 1 9
6: 4 10
7: 3 10
8: 2 9
9: 5 8 10
10: 6 7 9

1: 2 7
2: 1 8
3: 5 10
4: 6 10
5: 3 9
6: 4 9
7: 1 9
8: 2 10
9: 5 6 7
10: 3 4 8

1: 2 3
2: 1 4
3: 1 5
4: 2 6
5: 3 7
6: 4 11
7: 5 10
8: 10 11
9: 10 11
10: 7 8 9
11: 6 8 9

1: 2 3
2: 1 7
3: 1 8
4: 5 6
5: 4 11
6: 4 10
7: 2 10
8: 3 11
9: 10 11
10: 6 7 9
11: 5 8 9

1: 4 5
2: 6 8
3: 7 9
4: 1 10
5: 1 11
6: 2 11
7: 3 11
8: 2 10
9: 3 10
10: 4 8 9
11: 5 6 7

1: 2 3
2: 1 4
3: 1 5
4: 2 6
5: 3 8
6: 4 7
7: 6 14
8: 5 13
9: 11 14
10: 12 14
11: 9 13
12: 10 13
13: 8 11 12
14: 7 9 10

1: 17 21
2: 3 12
3: 2 16
4: 16 17
5: 8 18
6: 9 19
7: 10 20
8: 5 13
9: 6 15
10: 7 14
11: 17 21 23
12: 2 16 21
13: 8 18 23
14: 10 20 23
15: 9 19 23
16: 3 4 12
17: 1 4 11
18: 5 13 22
19: 6 15 22
20: 7 14 22
21: 1 11 12 22
22: 18 19 20 21 23
23: 11 13 14 15 22

1: 36
2: 36
3: 34
4: 33
5: 35
6: 35
7: 30
8: 23
9: 22
10: 24
11: 25
12: 21
13: 20
14: 29
15: 28
16: 27
17: 19
18: 34 36
19: 17 33
20: 13 22 23
21: 12 24 25
22: 9 20 26
23: 8 20 29
24: 10 21 27
25: 11 21 28
26: 22 31 35
27: 16 24 32
28: 15 25 32
29: 14 23 31
30: 7 31 32
31: 26 29 30
32: 27 28 30
33: 4 19 36
34: 3 18 35
35: 5 6 26 34
36: 1 2 18 33

1: 27
2: 27
3: 23
4: 24
5: 26
6: 26
7: 17
8: 17
9: 22
10: 21
11: 18
12: 19
13: 16
14: 25 27
15: 24 27
16: 13 23
17: 7 8 24
18: 11 21 25
19: 12 22 25
20: 21 22 26
21: 10 18 20
22: 9 19 20
23: 3 16 26
24: 4 15 17
25: 14 18 19
26: 5 6 20 23
27: 1 2 14 15

1: 32
2: 32
3: 16
4: 31
5: 17
6: 21
7: 30
8: 30
9: 22
10: 25
11: 27
12: 26
13: 23
14: 24
15: 19
16: 3 17
17: 5 16 32
18: 19 20 32
19: 15 18 31
20: 18 29 30
21: 6 29 31
22: 9 28 29
23: 13 26 28
24: 14 27 28
25: 10 26 27
26: 12 23 25
27: 11 24 25
28: 22 23 24
29: 20 21 22
30: 7 8 20
31: 4 19 21
32: 1 2 17 18

1: 25
2: 26
3: 46
4: 46
5: 46
6: 42
7: 45
8: 45
9: 43
10: 43
11: 44
12: 44
13: 27
14: 28
15: 36
16: 33
17: 35
18: 34
19: 31
20: 32
21: 38
22: 37
23: 29
24: 30
25: 1 26
26: 2 25 42
27: 13 39 42
28: 14 39 41
29: 23 37 41
30: 24 38 41
31: 19 34 40
32: 20 35 40
33: 16 34 35
34: 18 31 33
35: 17 32 33
36: 15 37 38
37: 22 29 36
38: 21 30 36
39: 27 28 40
40: 31 32 39
41: 28 29 30
42: 6 26 27 44
43: 9 10 45 46
44: 11 12 42 45
45: 7 8 43 44
46: 3 4 5 43

1: 29
2: 29
3: 29
4: 28
5: 27
6: 25
7: 20
8: 21
9: 22
10: 24
11: 23
12: 18
13: 14
14: 13 28
15: 26 27
16: 18 19 29
17: 20 26 28
18: 12 16 25
19: 16 23 24
20: 7 17 21
21: 8 20 27
22: 9 23 25
23: 11 19 22
24: 10 19 26
25: 6 18 22
26: 15 17 24
27: 5 15 21
28: 4 14 17
29: 1 2 3 16

1: 38
2: 38
3: 20
4: 24
5: 25
6: 26
7: 27
8: 28
9: 35
10: 34
11: 37
12: 36
13: 33
14: 31
15: 32
16: 29
17: 30
18: 21 25
19: 29 30 38
20: 3 24 38
21: 18 24 28
22: 23 34 35
23: 22 36 37
24: 4 20 21
25: 5 18 26
26: 6 25 27
27: 7 26 28
28: 8 21 27
29: 16 19 36
30: 17 19 37
31: 14 33 34
32: 15 33 35
33: 13 31 32
34: 10 22 31
35: 9 22 32
36: 12 23 29
37: 11 23 30
38: 1 2 19 20

1: 26
2: 18
3: 21
4: 22
5: 23
6: 25
7: 24
8: 19
9: 20
10: 13
11: 12
12: 11 26
13: 10 17
14: 17 18 26
15: 16 18 22
16: 15 19 20
17: 13 14 21
18: 2 14 15
19: 8 16 24
20: 9 16 25
21: 3 17 22
22: 4 15 21
23: 5 24 25
24: 7 19 23
25: 6 20 23
26: 1 12 14

1: 23
2: 23
3: 23
4: 21
5: 18
6: 18
7: 20
8: 17
9: 19
10: 22
11: 22
12: 15
13: 14 22
14: 13 15 16
15: 12 14 21
16: 14 19 20
17: 8 20 21
18: 5 6 19
19: 9 16 18
20: 7 16 17
21: 4 15 17
22: 10 11 13 23
23: 1 2 3 22

1: 28
2: 28
3: 14
4: 15
5: 27
6: 26
7: 22
8: 24
9: 23
10: 20
11: 21
12: 17
13: 18
14: 3 15
15: 4 14 28
16: 17 18 28
17: 12 16 26
18: 13 16 27
19: 25 26 27
20: 10 23 25
21: 11 24 25
22: 7 23 24
23: 9 20 22
24: 8 21 22
25: 19 20 21
26: 6 17 19
27: 5 18 19
28: 1 2 15 16

1: 13
2: 14
3: 27
4: 18
5: 26
6: 22
7: 25
8: 24
9: 23
10: 20
11: 21
12: 16
13: 1 14
14: 2 13 15
15: 14 16 17
16: 12 15 27
17: 15 25 26
18: 4 25 27
19: 20 21 26
20: 10 19 23
21: 11 19 24
22: 6 23 24
23: 9 20 22
24: 8 21 22
25: 7 17 18
26: 5 17 19
27: 3 16 18

1: 29
2: 29
3: 17
4: 18
5: 21
6: 22
7: 24
8: 23
9: 26
10: 25
11: 19
12: 20
13: 14
14: 13 17
15: 27 28
16: 18 27 29
17: 3 14 29
18: 4 16 21
19: 11 25 28
20: 12 26 28
21: 5 18 22
22: 6 21 23
23: 8 22 27
24: 7 25 26
25: 10 19 24
26: 9 20 24
27: 15 16 23
28: 15 19 20
29: 1 2 16 17

1: 30
2: 32
3: 32
4: 32
5: 31
6: 27
7: 26
8: 25
9: 23
10: 22
11: 19
12: 18
13: 20
14: 21
15: 16
16: 15 30
17: 28 29
18: 12 24 28
19: 11 27 28
20: 13 25 29
21: 14 26 29
22: 10 24 27
23: 9 25 26
24: 18 22 31
25: 8 20 23
26: 7 21 23
27: 6 19 22
28: 17 18 19
29: 17 20 21
30: 1 16 31
31: 5 24 30 32
32: 2 3 4 31

1: 41
2: 41
3: 43
4: 43
5: 42
6: 39
7: 38
8: 24
9: 32
10: 33
11: 25
12: 27
13: 35
14: 31
15: 34
16: 29
17: 28
18: 23
19: 22
20: 39 40
21: 38 41
22: 19 43
23: 18 42
24: 8 32 40
25: 11 36 39
26: 27 36 40
27: 12 26 33
28: 17 35 37
29: 16 36 37
30: 31 37 38
31: 14 30 34
32: 9 24 33
33: 10 27 32
34: 15 31 35
35: 13 28 34
36: 25 26 29
37: 28 29 30
38: 7 21 30
39: 6 20 25
40: 20 24 26
41: 1 2 21 42
42: 5 23 41 43
43: 3 4 22 42

1: 33
2: 33
3: 32
4: 32
5: 32
6: 28
7: 30
8: 30
9: 30
10: 31
11: 31
12: 22
13: 24
14: 27
15: 26
16: 21
17: 20
18: 19 30
19: 18 20 21
20: 17 19 29
21: 16 19 28
22: 12 31 32
23: 27 28 29
24: 13 26 29
25: 26 27 33
26: 15 24 25
27: 14 23 25
28: 6 21 23
29: 20 23 24
30: 7 8 9 18
31: 10 11 22 33
32: 3 4 5 22
33: 1 2 25 31

1: 33
2: 33
3: 32
4: 32
5: 30
6: 19
7: 19
8: 20
9: 26
10: 28
11: 27
12: 24
13: 25
14: 23
15: 22
16: 17
17: 16 32 33
18: 30 31 33
19: 6 7 31
20: 8 23 30
21: 22 23 31
22: 15 21 29
23: 14 20 21
24: 12 27 29
25: 13 28 29
26: 9 27 28
27: 11 24 26
28: 10 25 26
29: 22 24 25
30: 5 18 20
31: 18 19 21
32: 3 4 17
33: 1 2 17 18

1: 44
2: 44
3: 44
4: 39
5: 43
6: 43
7: 43
8: 34
9: 32
10: 32
11: 33
12: 35
13: 30
14: 31
15: 37
16: 36
17: 28
18: 27
19: 26
20: 24
21: 23
22: 25 43
23: 21 42 44
24: 20 41 44
25: 22 26 27
26: 19 25 40
27: 18 25 39
28: 17 34 40
29: 33 39 40
30: 13 36 42
31: 14 37 42
32: 9 10 35
33: 11 29 41
34: 8 28 41
35: 12 32 38
36: 16 30 38
37: 15 31 38
38: 35 36 37
39: 4 27 29
40: 26 28 29
41: 24 33 34
42: 23 30 31
43: 5 6 7 22
44: 1 2 3 23 24

1: 21
2: 22
3: 32
4: 37
5: 37
6: 35
7: 35
8: 36
9: 36
10: 33
11: 33
12: 33
13: 34
14: 34
15: 23
16: 24
17: 29
18: 28
19: 25
20: 26
21: 1 22
22: 2 21 32
23: 15 30 37
24: 16 30 31
25: 19 28 31
26: 20 29 31
27: 28 29 32
28: 18 25 27
29: 17 26 27
30: 23 24 36
31: 24 25 26
32: 3 22 27 33
33: 10 11 12 32
34: 13 14 35 37
35: 6 7 34 36
36: 8 9 30 35
37: 4 5 23 34

1: 20
2: 29
3: 21
4: 22
5: 23
6: 24
7: 25
8: 26
9: 28
10: 27
11: 15
12: 14
13: 16 20
14: 12 29
15: 11 19
16: 13 18 21
17: 19 20 25
18: 16 24 29
19: 15 17 28
20: 1 13 17
21: 3 16 22
22: 4 21 23
23: 5 22 24
24: 6 18 23
25: 7 17 26
26: 8 25 27
27: 10 26 28
28: 9 19 27
29: 2 14 18

1: 16
2: 17
3: 31
4: 31
5: 31
6: 30
7: 20
8: 21
9: 22
10: 23
11: 18
12: 25
13: 24
14: 27
15: 26
16: 1 17
17: 2 16 30
18: 11 22 23
19: 20 21 30
20: 7 19 24
21: 8 19 25
22: 9 18 26
23: 10 18 27
24: 13 20 28
25: 12 21 28
26: 15 22 29
27: 14 23 29
28: 24 25 29
29: 26 27 28
30: 6 17 19 31
31: 3 4 5 30

1: 10 11
2: 10 11
3: 10 11
4: 10 11
5: 10 11
6: 10 11
7: 10 11
8: 10 11
9: 10 11
10: 1 2 3 4 5 6 7 8 9
11: 1 2 3 4 5 6 7 8 9

1: 11 12
2: 11 12
3: 11 12
4: 11 12
5: 11 12
6: 11 12
7: 11 12
8: 11 12
9: 11 12
10: 11 12
11: 1 2 3 4 5 6 7 8 9 10
12: 1 2 3 4 5 6 7 8 9 10

1: 2 7
2: 1 8
3: 4 10
4: 3 9
5: 6 7 10
6: 5 8 9
7: 1 5 8
8: 2 6 7
9: 4 6 10
10: 3 5 9

1: 2 9
2: 1 10
3: 4 12
4: 3 11
5: 6 8 9
6: 5 7 10
7: 6 8 12
8: 5 7 11
9: 1 5 10
10: 2 6 9
11: 4 8 12
12: 3 7 11

1: 2 11
2: 1 12
3: 4 14
4: 3 13
5: 6 7 10
6: 5 8 9
7: 5 8 11
8: 6 7 12
9: 6 10 14
10: 5 9 13
11: 1 7 12
12: 2 8 11
13: 4 10 14
14: 3 9 13

1: 2 13
2: 1 14
3: 4 16
4: 3 15
5: 6 7 9
6: 5 8 12
7: 5 8 10
8: 6 7 11
9: 5 10 13
10: 7 9 14
11: 8 12 16
12: 6 11 15
13: 1 9 14
14: 2 10 13
15: 4 12 16
16: 3 11 15

1: 4 10
2: 5 9
3: 7 8
4: 1 8
5: 2 6
6: 5 9 10
7: 3 9 10
8: 3 4 10
9: 2 6 7
10: 1 6 7 8

1: 35
2: 35
3: 35
4: 34
5: 34
6: 33
7: 33
8: 37
9: 36
10: 20
11: 21
12: 23
13: 24
14: 22
15: 25
16: 26
17: 29
18: 28
19: 27
20: 10 35 36
21: 11 22 32
22: 14 21 24
23: 12 25 26
24: 13 22 29
25: 15 23 27
26: 16 23 28
27: 19 25 31
28: 18 26 31
29: 17 24 30
30: 29 32 37
31: 27 28 37
32: 21 30 36
33: 6 7 34 37
34: 4 5 33 36
35: 1 2 3 20
36: 9 20 32 34
37: 8 30 31 33

1: 38
2: 33
3: 25
4: 32
5: 34
6: 34
7: 35
8: 35
9: 36
10: 37
11: 37
12: 37
13: 36
14: 36
15: 31
16: 30
17: 28
18: 26
19: 27
20: 23
21: 22 23
22: 21 33 38
23: 20 21 32
24: 26 27 38
25: 3 32 33
26: 18 24 30
27: 19 24 31
28: 17 30 31
29: 35 36 37
30: 16 26 28
31: 15 27 28
32: 4 23 25
33: 2 22 25
34: 5 6 35 38
35: 7 8 29 34
36: 9 13 14 29
37: 10 11 12 29
38: 1 22 24 34

1: 7
2: 5
3: 6
4: 5 6
5: 2 4 7
6: 3 4 7
7: 1 5 6

1: 18
2: 20
3: 14
4: 15
5: 15
6: 14
7: 17
8: 17
9: 16
10: 16
11: 18 23
12: 19 20
13: 21 22
14: 3 6 23
15: 4 5 23
16: 9 10 22
17: 7 8 21
18: 1 11 19
19: 12 18 22
20: 2 12 21
21: 13 17 20
22: 13 16 19
23: 11 14 15

1: 13
2: 11
3: 12
4: 10
5: 10
6: 9
7: 13 14
8: 11 12
9: 6 10 14
10: 4 5 9
11: 2 8 14
12: 3 8 13
13: 1 7 12
14: 7 9 11

1: 15
2: 13
3: 14
4: 11
5: 11
6: 12
7: 10
8: 15 16
9: 13 14
10: 7 12 16
11: 4 5 12
12: 6 10 11
13: 2 9 16
14: 3 9 15
15: 1 8 14
16: 8 10 13

1: 28
2: 28
3: 26
4: 26
5: 24
6: 22 28
7: 19 21
8: 20 21
9: 10 27
10: 9 23
11: 17 22
12: 18 22
13: 15 23
14: 23 25
15: 13 24
16: 17 18
17: 11 16
18: 12 16
19: 7 27
20: 8 27
21: 7 8 28
22: 6 11 12
23: 10 13 14
24: 5 15 25
25: 14 24 26
26: 3 4 25
27: 9 19 20
28: 1 2 6 21

1: 8
2: 10
3: 11
4: 8 9
5: 9 10
6: 9 11
7: 10 11
8: 1 4
9: 4 5 6
10: 2 5 7
11: 3 6 7

1: 25
2: 30
3: 30
4: 28
5: 28
6: 29
7: 29
8: 27
9: 26
10: 23
11: 24
12: 20 22
13: 18 19
14: 15 22
15: 14 21
16: 18 21 29
17: 19 23 24
18: 13 16 22
19: 13 17 20
20: 12 19 30
21: 15 16 28
22: 12 14 18
23: 10 17 26
24: 11 17 27
25: 1 26 27
26: 9 23 25
27: 8 24 25
28: 4 5 21
29: 6 7 16
30: 2 3 20

1: 36
2: 36
3: 34
4: 29
5: 29
6: 24
7: 24
8: 28
9: 27
10: 37
11: 37
12: 37
13: 39
14: 39
15: 39
16: 38
17: 38
18: 38
19: 34 35
20: 30 35
21: 31 37
22: 32 38
23: 33 39
24: 6 7 35
25: 30 34 36
26: 27 28 36
27: 9 26 33
28: 8 26 32
29: 4 5 30
30: 20 25 29
31: 21 32 33
32: 22 28 31
33: 23 27 31
34: 3 19 25
35: 19 20 24
36: 1 2 25 26
37: 10 11 12 21
38: 16 17 18 22
39: 13 14 15 23

1: 41
2: 43
3: 43
4: 43
5: 42
6: 42
7: 42
8: 40
9: 40
10: 40
11: 39
12: 39
13: 39
14: 37
15: 38
16: 29
17: 30
18: 31
19: 32
20: 33
21: 27
22: 27
23: 37 43
24: 38 42
25: 35 37 41
26: 34 38 41
27: 21 22 36
28: 29 36 41
29: 16 28 30
30: 17 29 31
31: 18 30 32
32: 19 31 36
33: 20 34 35
34: 26 33 40
35: 25 33 39
36: 27 28 32
37: 14 23 25
38: 15 24 26
39: 11 12 13 35
40: 8 9 10 34
41: 1 25 26 28
42: 5 6 7 24
43: 2 3 4 23

1: 65
2: 67
3: 67
4: 61
5: 61
6: 64
7: 64
8: 66
9: 66
10: 63
11: 63
12: 63
13: 62
14: 62
15: 71
16: 71
17: 71
18: 70
19: 70
20: 70
21: 69
22: 69
23: 69
24: 68
25: 68
26: 68
27: 60
28: 58
29: 59
30: 59
31: 59
32: 58
33: 58
34: 47
35: 46
36: 53
37: 52
38: 49
39: 48
40: 66 67
41: 57 69
42: 56 68
43: 55 71
44: 54 70
45: 61 62 63
46: 35 53 55
47: 34 52 54
48: 39 51 57
49: 38 50 56
50: 49 53 65
51: 48 52 64
52: 37 47 51
53: 36 46 50
54: 44 47 57
55: 43 46 56
56: 42 49 55
57: 41 48 54
58: 28 32 33 60
59: 29 30 31 60
60: 27 58 59 65
61: 4 5 45 67
62: 13 14 45 64
63: 10 11 12 45
64: 6 7 51 62
65: 1 50 60 66
66: 8 9 40 65
67: 2 3 40 61
68: 24 25 26 42
69: 21 22 23 41
70: 18 19 20 44
71: 15 16 17 43

1: 40
2: 40
3: 33
4: 26
5: 32
6: 27
7: 28
8: 30
9: 29
10: 39
11: 37
12: 38
13: 38
14: 38
15: 37
16: 37
17: 36
18: 36
19: 35
20: 24
21: 23
22: 34 40
23: 21 39
24: 20 33 34
25: 31 32 34
26: 4 31 33
27: 6 28 32
28: 7 27 29
29: 9 28 31
30: 8 35 36
31: 25 26 29
32: 5 25 27
33: 3 24 26
34: 22 24 25
35: 19 30 37 38
36: 17 18 30 39
37: 11 15 16 35
38: 12 13 14 35
39: 10 23 36 40
40: 1 2 22 39

1: 32
2: 30
3: 30
4: 30
5: 31
6: 31
7: 29
8: 20
9: 22
10: 22
11: 21
12: 24
13: 25
14: 27
15: 26
16: 19
17: 18
18: 17 32
19: 16 31
20: 8 21 30
21: 11 20 29
22: 9 10 28
23: 24 25 32
24: 12 23 26
25: 13 23 27
26: 15 24 28
27: 14 25 28
28: 22 26 27
29: 7 21 31 32
30: 2 3 4 20
31: 5 6 19 29
32: 1 18 23 29

1: 44
2: 52
3: 52
4: 50
5: 45
6: 45
7: 51
8: 51
9: 49
10: 49
11: 48
12: 48
13: 46
14: 46
15: 47
16: 47
17: 36
18: 37
19: 38
20: 39
21: 35
22: 34
23: 40
24: 43
25: 42
26: 41
27: 28
28: 27 44
29: 51 52
30: 48 49 50
31: 45 46 47
32: 40 43 50
33: 41 42 50
34: 22 36 37
35: 21 38 39
36: 17 34 40
37: 18 34 43
38: 19 35 41
39: 20 35 42
40: 23 32 36
41: 26 33 38
42: 25 33 39
43: 24 32 37
44: 1 28 51
45: 5 6 31 52
46: 13 14 31 48
47: 15 16 31 49
48: 11 12 30 46
49: 9 10 30 47
50: 4 30 32 33
51: 7 8 29 44
52: 2 3 29 45

1: 54
2: 54
3: 53
4: 47
5: 47
6: 48
7: 49
8: 49
9: 50
10: 52
11: 52
12: 51
13: 51
14: 43
15: 44
16: 44
17: 44
18: 43
19: 43
20: 45
21: 46
22: 46
23: 46
24: 45
25: 45
26: 41
27: 40
28: 39
29: 36
30: 37
31: 35
32: 42 49
33: 51 54
34: 52 53
35: 31 50
36: 29 40 42
37: 30 41 42
38: 40 41 54
39: 28 47 48
40: 27 36 38
41: 26 37 38
42: 32 36 37
43: 14 18 19 53
44: 15 16 17 53
45: 20 24 25 48
46: 21 22 23 48
47: 4 5 39 50
48: 6 39 45 46
49: 7 8 32 50
50: 9 35 47 49
51: 12 13 33 52
52: 10 11 34 51
53: 3 34 43 44
54: 1 2 33 38

1: 41
2: 41
3: 39
4: 39
5: 38
6: 40
7: 37
8: 37
9: 35
10: 36
11: 36
12: 36
13: 35
14: 35
15: 33
16: 32
17: 31
18: 31
19: 29
20: 30
21: 26
22: 27
23: 25
24: 34 41
25: 23 40
26: 21 32 34
27: 22 33 34
28: 32 33 39
29: 19 37 38
30: 20 31 39
31: 17 18 30
32: 16 26 28
33: 15 27 28
34: 24 26 27
35: 9 13 14 38
36: 10 11 12 38
37: 7 8 29 40
38: 5 29 35 36
39: 3 4 28 30
40: 6 25 37 41
41: 1 2 24 40

1: 17
2: 18
3: 33
4: 33
5: 33
6: 32
7: 32
8: 30
9: 23
10: 24
11: 25
12: 28
13: 27
14: 26
15: 21
16: 20
17: 1 18
18: 2 17 32
19: 20 21 33
20: 16 19 31
21: 15 19 30
22: 23 30 31
23: 9 22 29
24: 10 26 29
25: 11 27 29
26: 14 24 28
27: 13 25 28
28: 12 26 27
29: 23 24 25
30: 8 21 22
31: 20 22 32
32: 6 7 18 31
33: 3 4 5 19

1: 39
2: 39
3: 38
4: 38
5: 38
6: 35
7: 34
8: 37
9: 37
10: 37
11: 23
12: 22
13: 27
14: 26
15: 28
16: 29
17: 31
18: 30
19: 35 36
20: 33 34
21: 26 34 36
22: 12 27 35
23: 11 26 33
24: 28 29 39
25: 27 32 36
26: 14 21 23
27: 13 22 25
28: 15 24 30
29: 16 24 31
30: 18 28 32
31: 17 29 32
32: 25 30 31
33: 20 23 38
34: 7 20 21
35: 6 19 22
36: 19 21 25
37: 8 9 10 39
38: 3 4 5 33
39: 1 2 24 37

1: 30
2: 30
3: 30
4: 25
5: 27
6: 28
7: 23
8: 21
9: 22
10: 20
11: 19
12: 15
13: 17
14: 16
15: 12 29
16: 14 27
17: 13 28
18: 19 20 30
19: 11 18 26
20: 10 18 25
21: 8 25 26
22: 9 24 26
23: 7 24 28
24: 22 23 29
25: 4 20 21
26: 19 21 22
27: 5 16 29
28: 6 17 23
29: 15 24 27
30: 1 2 3 18

1: 19
2: 21
3: 21
4: 22
5: 22
6: 27
7: 27
8: 20
9: 29
10: 29
11: 28
12: 28
13: 24
14: 24
15: 25
16: 25
17: 26
18: 26
19: 1 20
20: 8 19 24
21: 2 3 22
22: 4 5 21 23
23: 22 24 25 26
24: 13 14 20 23
25: 15 16 23 28
26: 17 18 23 29
27: 6 7 28 29
28: 11 12 25 27
29: 9 10 26 27

1: 55
2: 55
3: 33
4: 33
5: 54
6: 47
7: 52
8: 52
9: 52
10: 53
11: 53
12: 44
13: 46
14: 50
15: 50
16: 51
17: 51
18: 34
19: 36
20: 37
21: 38
22: 40
23: 39
24: 32
25: 31
26: 48 55
27: 49 55
28: 53 54
29: 43 45
30: 44 49
31: 25 47
32: 24 46
33: 3 4 48
34: 18 36 54
35: 42 51 52
36: 19 34 41
37: 20 39 42
38: 21 40 42
39: 23 37 41
40: 22 38 41
41: 36 39 40
42: 35 37 38
43: 29 48 49
44: 12 30 45
45: 29 44 51
46: 13 32 54
47: 6 31 50
48: 26 33 43
49: 27 30 43
50: 14 15 47 53
51: 16 17 35 45
52: 7 8 9 35
53: 10 11 28 50
54: 5 28 34 46
55: 1 2 26 27

1: 40
2: 40
3: 33
4: 33
5: 34
6: 34
7: 26
8: 28
9: 29
10: 31
11: 39
12: 39
13: 39
14: 38
15: 38
16: 38
17: 36
18: 37
19: 37
20: 37
21: 36
22: 36
23: 25
24: 32 40
25: 23 31
26: 7 30 32
27: 29 32 39
28: 8 29 30
29: 9 27 28
30: 26 28 38
31: 10 25 35
32: 24 26 27
33: 3 4 34 40
34: 5 6 33 35
35: 31 34 36 37
36: 17 21 22 35
37: 18 19 20 35
38: 14 15 16 30
39: 11 12 13 27
40: 1 2 24 33

1: 25
2: 50
3: 48
4: 48
5: 49
6: 47
7: 47
8: 46
9: 46
10: 45
11: 44
12: 40
13: 37
14: 39
15: 38
16: 35
17: 36
18: 42
19: 41
20: 32
21: 33
22: 29
23: 27
24: 28
25: 1 26
26: 25 27 28
27: 23 26 44
28: 24 26 45
29: 22 49 50
30: 44 45 50
31: 43 49 50
32: 20 41 43
33: 21 42 43
34: 35 36 48
35: 16 34 38
36: 17 34 39
37: 13 38 39
38: 15 35 37
39: 14 36 37
40: 12 41 42
41: 19 32 40
42: 18 33 40
43: 31 32 33
44: 11 27 30
45: 10 28 30
46: 8 9 47 48
47: 6 7 46 49
48: 3 4 34 46
49: 5 29 31 47
50: 2 29 30 31

1: 38
2: 50
3: 50
4: 34
5: 49
6: 39
7: 39
8: 39
9: 40
10: 40
11: 45
12: 47
13: 47
14: 47
15: 46
16: 48
17: 44
18: 44
19: 44
20: 43
21: 43
22: 43
23: 41
24: 41
25: 42
26: 42
27: 35
28: 35
29: 37
30: 36
31: 38 50
32: 48 49
33: 34 38 40
34: 4 33 48
35: 27 28 45
36: 30 37 47
37: 29 36 46
38: 1 31 33
39: 6 7 8 50
40: 9 10 33 45
41: 23 24 43 49
42: 25 26 44 49
43: 20 21 22 41
44: 17 18 19 42
45: 11 35 40 46
46: 15 37 45 48
47: 12 13 14 36
48: 16 32 34 46
49: 5 32 41 42
50: 2 3 31 39

1: 20
2: 20
3: 14
4: 19
5: 15
6: 16
7: 18
8: 17
9: 10 19
10: 9 11
11: 10 13 14
12: 13 18 19
13: 11 12 15
14: 3 11 20
15: 5 13 16
16: 6 15 17
17: 8 16 18
18: 7 12 17
19: 4 9 12
20: 1 2 14

1: 7 8
2: 7 9
3: 8 9
4: 8 9
5: 7 9
6: 7 8
7: 1 2 5 6
8: 1 3 4 6
9: 2 3 4 5

1: 9 10
2: 9 10
3: 9 11
4: 10 12
5: 10 12
6: 9 11
7: 11 12
8: 11 12
9: 1 2 3 6
10: 1 2 4 5
11: 3 6 7 8
12: 4 5 7 8

1: 10 11
2: 10 12
3: 11 12
4: 11 12
5: 11 12
6: 10 12
7: 10 12
8: 10 11
9: 10 11
10: 1 2 6 7 8 9
11: 1 3 4 5 8 9
12: 2 3 4 5 6 7

1: 12 13
2: 12 13
3: 12 13
4: 12 13
5: 12 13
6: 12 13
7: 12 13
8: 12 13
9: 12 13
10: 12 13
11: 12 13
12: 1 2 3 4 5 6 7 8 9 10 11
13: 1 2 3 4 5 6 7 8 9 10 11

1: 13 14
2: 13 14
3: 13 14
4: 13 14
5: 13 14
6: 13 14
7: 13 14
8: 13 14
9: 13 14
10: 13 14
11: 13 14
12: 13 14
13: 1 2 3 4 5 6 7 8 9 10 11 12
14: 1 2 3 4 5 6 7 8 9 10 11 12

1: 11 12
2: 13 15
3: 13 15
4: 13 14
5: 13 14
6: 11 14
7: 12 15
8: 12 15
9: 11 14
10: 11 12
11: 1 6 9 10
12: 1 7 8 10
13: 2 3 4 5
14: 4 5 6 9
15: 2 3 7 8

1: 13 14
2: 13 15
3: 14 15
4: 14 15
5: 14 15
6: 14 15
7: 13 15
8: 13 15
9: 13 15
10: 13 14
11: 13 14
12: 13 14
13: 1 2 7 8 9 10 11 12
14: 1 3 4 5 6 10 11 12
15: 2 3 4 5 6 7 8 9

1: 14 15
2: 14 15
3: 14 15
4: 14 15
5: 14 15
6: 14 15
7: 14 15
8: 14 15
9: 14 15
10: 14 15
11: 14 15
12: 14 15
13: 14 15
14: 1 2 3 4 5 6 7 8 9 10 11 12 13
15: 1 2 3 4 5 6 7 8 9 10 11 12 13

1: 13 14
2: 13 14
3: 13 14
4: 13 15
5: 14 16
6: 14 16
7: 14 16
8: 13 15
9: 13 15
10: 15 16
11: 15 16
12: 15 16
13: 1 2 3 4 8 9
14: 1 2 3 5 6 7
15: 4 8 9 10 11 12
16: 5 6 7 10 11 12

1: 15 16
2: 15 16
3: 15 16
4: 15 16
5: 15 16
6: 15 16
7: 15 16
8: 15 16
9: 15 16
10: 15 16
11: 15 16
12: 15 16
13: 15 16
14: 15 16
15: 1 2 3 4 5 6 7 8 9 10 11 12 13 14
16: 1 2 3 4 5 6 7 8 9 10 11 12 13 14

1: 16 17
2: 16 17
3: 16 17
4: 16 17
5: 16 17
6: 16 17
7: 16 17
8: 16 17
9: 16 17
10: 16 17
11: 16 17
12: 16 17
13: 16 17
14: 16 17
15: 16 17
16: 1 2 3 4 5 6 7 8 9 10 11 12 13 14 15
17: 1 2 3 4 5 6 7 8 9 10 11 12 13 14 15

1: 13 14
2: 15 16
3: 15 16
4: 15 17
5: 16 18
6: 16 18
7: 15 17
8: 13 18
9: 13 18
10: 14 17
11: 14 17
12: 13 14
13: 1 8 9 12
14: 1 10 11 12
15: 2 3 4 7
16: 2 3 5 6
17: 4 7 10 11
18: 5 6 8 9

1: 16 17
2: 16 18
3: 17 18
4: 17 18
5: 17 18
6: 17 18
7: 17 18
8: 16 18
9: 16 18
10: 16 18
11: 16 18
12: 16 17
13: 16 17
14: 16 17
15: 16 17
16: 1 2 8 9 10 11 12 13 14 15
17: 1 3 4 5 6 7 12 13 14 15
18: 2 3 4 5 6 7 8 9 10 11

1: 17 18
2: 17 18
3: 17 18
4: 17 18
5: 17 18
6: 17 18
7: 17 18
8: 17 18
9: 17 18
10: 17 18
11: 17 18
12: 17 18
13: 17 18
14: 17 18
15: 17 18
16: 17 18
17: 1 2 3 4 5 6 7 8 9 10 11 12 13 14 15 16
18: 1 2 3 4 5 6 7 8 9 10 11 12 13 14 15 16

1: 18 19
2: 18 19
3: 18 19
4: 18 19
5: 18 19
6: 18 19
7: 18 19
8: 18 19
9: 18 19
10: 18 19
11: 18 19
12: 18 19
13: 18 19
14: 18 19
15: 18 19
16: 18 19
17: 18 19
18: 1 2 3 4 5 6 7 8 9 10 11 12 13 14 15 16 17
19: 1 2 3 4 5 6 7 8 9 10 11 12 13 14 15 16 17

1: 16 17
2: 18 20
3: 18 20
4: 18 20
5: 18 19
6: 18 19
7: 18 19
8: 16 19
9: 17 20
10: 17 20
11: 17 20
12: 16 19
13: 16 19
14: 16 17
15: 16 17
16: 1 8 12 13 14 15
17: 1 9 10 11 14 15
18: 2 3 4 5 6 7
19: 5 6 7 8 12 13
20: 2 3 4 9 10 11

1: 17 18
2: 17 18
3: 17 18
4: 17 18
5: 17 19
6: 18 20
7: 18 20
8: 18 20
9: 18 20
10: 17 19
11: 17 19
12: 17 19
13: 19 20
14: 19 20
15: 19 20
16: 19 20
17: 1 2 3 4 5 10 11 12
18: 1 2 3 4 6 7 8 9
19: 5 10 11 12 13 14 15 16
20: 6 7 8 9 13 14 15 16

1: 19 20
2: 19 20
3: 19 20
4: 19 20
5: 19 20
6: 19 20
7: 19 20
8: 19 20
9: 19 20
10: 19 20
11: 19 20
12: 19 20
13: 19 20
14: 19 20
15: 19 20
16: 19 20
17: 19 20
18: 19 20
19: 1 2 3 4 5 6 7 8 9 10 11 12 13 14 15 16 17 18
20: 1 2 3 4 5 6 7 8 9 10 11 12 13 14 15 16 17 18

1: 15 16
2: 17 19
3: 17 19
4: 17 18
5: 17 18
6: 18 20
7: 19 21
8: 19 21
9: 18 20
10: 15 21
11: 15 21
12: 16 20
13: 16 20
14: 15 16
15: 1 10 11 14
16: 1 12 13 14
17: 2 3 4 5
18: 4 5 6 9
19: 2 3 7 8
20: 6 9 12 13
21: 7 8 10 11

1: 19 20
2: 19 21
3: 20 21
4: 20 21
5: 20 21
6: 20 21
7: 20 21
8: 20 21
9: 19 21
10: 19 21
11: 19 21
12: 19 21
13: 19 21
14: 19 20
15: 19 20
16: 19 20
17: 19 20
18: 19 20
19: 1 2 9 10 11 12 13 14 15 16 17 18
20: 1 3 4 5 6 7 8 14 15 16 17 18
21: 2 3 4 5 6 7 8 9 10 11 12 13

1: 20 21
2: 20 21
3: 20 21
4: 20 21
5: 20 21
6: 20 21
7: 20 21
8: 20 21
9: 20 21
10: 20 21
11: 20 21
12: 20 21
13: 20 21
14: 20 21
15: 20 21
16: 20 21
17: 20 21
18: 20 21
19: 20 21
20: 1 2 3 4 5 6 7 8 9 10 11 12 13 14 15 16 17 18 19
21: 1 2 3 4 5 6 7 8 9 10 11 12 13 14 15 16 17 18 19

1: 21 22
2: 21 22
3: 21 22
4: 21 22
5: 21 22
6: 21 22
7: 21 22
8: 21 22
9: 21 22
10: 21 22
11: 21 22
12: 21 22
13: 21 22
14: 21 22
15: 21 22
16: 21 22
17: 21 22
18: 21 22
19: 21 22
20: 21 22
21: 1 2 3 4 5 6 7 8 9 10 11 12 13 14 15 16 17 18 19 20
22: 1 2 3 4 5 6 7 8 9 10 11 12 13 14 15 16 17 18 19 20

1: 22 23
2: 22 23
3: 22 23
4: 22 23
5: 22 23
6: 22 23
7: 22 23
8: 22 23
9: 22 23
10: 22 23
11: 22 23
12: 22 23
13: 22 23
14: 22 23
15: 22 23
16: 22 23
17: 22 23
18: 22 23
19: 22 23
20: 22 23
21: 22 23
22: 1 2 3 4 5 6 7 8 9 10 11 12 13 14 15 16 17 18 19 20 21
23: 1 2 3 4 5 6 7 8 9 10 11 12 13 14 15 16 17 18 19 20 21

1: 17 18
2: 19 20
3: 19 20
4: 19 21
5: 20 22
6: 20 22
7: 19 21
8: 22 23
9: 22 23
10: 21 24
11: 21 24
12: 17 24
13: 17 24
14: 18 23
15: 18 23
16: 17 18
17: 1 12 13 16
18: 1 14 15 16
19: 2 3 4 7
20: 2 3 5 6
21: 4 7 10 11
22: 5 6 8 9
23: 8 9 14 15
24: 10 11 12 13

1: 19 20
2: 21 22
3: 21 22
4: 21 22
5: 21 23
6: 22 24
7: 22 24
8: 22 24
9: 21 23
10: 21 23
11: 19 24
12: 19 24
13: 19 24
14: 20 23
15: 20 23
16: 20 23
17: 19 20
18: 19 20
19: 1 11 12 13 17 18
20: 1 14 15 16 17 18
21: 2 3 4 5 9 10
22: 2 3 4 6 7 8
23: 5 9 10 14 15 16
24: 6 7 8 11 12 13

1: 21 22
2: 21 22
3: 21 22
4: 21 22
5: 21 22
6: 21 23
7: 22 24
8: 22 24
9: 22 24
10: 22 24
11: 22 24
12: 21 23
13: 21 23
14: 21 23
15: 21 23
16: 23 24
17: 23 24
18: 23 24
19: 23 24
20: 23 24
21: 1 2 3 4 5 6 12 13 14 15
22: 1 2 3 4 5 7 8 9 10 11
23: 6 12 13 14 15 16 17 18 19 20
24: 7 8 9 10 11 16 17 18 19 20

1: 22 23
2: 22 24
3: 23 24
4: 23 24
5: 23 24
6: 23 24
7: 23 24
8: 23 24
9: 23 24
10: 22 24
11: 22 24
12: 22 24
13: 22 24
14: 22 24
15: 22 24
16: 22 23
17: 22 23
18: 22 23
19: 22 23
20: 22 23
21: 22 23
22: 1 2 10 11 12 13 14 15 16 17 18 19 20 21
23: 1 3 4 5 6 7 8 9 16 17 18 19 20 21
24: 2 3 4 5 6 7 8 9 10 11 12 13 14 15

1: 23 24
2: 23 24
3: 23 24
4: 23 24
5: 23 24
6: 23 24
7: 23 24
8: 23 24
9: 23 24
10: 23 24
11: 23 24
12: 23 24
13: 23 24
14: 23 24
15: 23 24
16: 23 24
17: 23 24
18: 23 24
19: 23 24
20: 23 24
21: 23 24
22: 23 24
23: 1 2 3 4 5 6 7 8 9 10 11 12 13 14 15 16 17 18 19 20 21 22
24: 1 2 3 4 5 6 7 8 9 10 11 12 13 14 15 16 17 18 19 20 21 22

1: 21 22
2: 23 25
3: 23 25
4: 23 25
5: 23 25
6: 23 24
7: 23 24
8: 23 24
9: 23 24
10: 21 24
11: 22 25
12: 22 25
13: 22 25
14: 22 25
15: 21 24
16: 21 24
17: 21 24
18: 21 22
19: 21 22
20: 21 22
21: 1 10 15 16 17 18 19 20
22: 1 11 12 13 14 18 19 20
23: 2 3 4 5 6 7 8 9
24: 6 7 8 9 10 15 16 17
25: 2 3 4 5 11 12 13 14

1: 24 25
2: 24 25
3: 24 25
4: 24 25
5: 24 25
6: 24 25
7: 24 25
8: 24 25
9: 24 25
10: 24 25
11: 24 25
12: 24 25
13: 24 25
14: 24 25
15: 24 25
16: 24 25
17: 24 25
18: 24 25
19: 24 25
20: 24 25
21: 24 25
22: 24 25
23: 24 25
24: 1 2 3 4 5 6 7 8 9 10 11 12 13 14 15 16 17 18 19 20 21 22 23
25: 1 2 3 4 5 6 7 8 9 10 11 12 13 14 15 16 17 18 19 20 21 22 23

1: 25 26
2: 25 26
3: 25 26
4: 25 26
5: 25 26
6: 25 26
7: 25 26
8: 25 26
9: 25 26
10: 25 26
11: 25 26
12: 25 26
13: 25 26
14: 25 26
15: 25 26
16: 25 26
17: 25 26
18: 25 26
19: 25 26
20: 25 26
21: 25 26
22: 25 26
23: 25 26
24: 25 26
25: 1 2 3 4 5 6 7 8 9 10 11 12 13 14 15 16 17 18 19 20 21 22 23 24
26: 1 2 3 4 5 6 7 8 9 10 11 12 13 14 15 16 17 18 19 20 21 22 23 24

1: 19 20
2: 21 23
3: 21 23
4: 21 22
5: 21 22
6: 22 24
7: 23 25
8: 23 25
9: 22 24
10: 25 26
11: 25 26
12: 24 27
13: 24 27
14: 19 27
15: 19 27
16: 20 26
17: 20 26
18: 19 20
19: 1 14 15 18
20: 1 16 17 18
21: 2 3 4 5
22: 4 5 6 9
23: 2 3 7 8
24: 6 9 12 13
25: 7 8 10 11
26: 10 11 16 17
27: 12 13 14 15

1: 25 26
2: 25 27
3: 26 27
4: 26 27
5: 26 27
6: 26 27
7: 26 27
8: 26 27
9: 26 27
10: 26 27
11: 25 27
12: 25 27
13: 25 27
14: 25 27
15: 25 27
16: 25 27
17: 25 27
18: 25 26
19: 25 26
20: 25 26
21: 25 26
22: 25 26
23: 25 26
24: 25 26
25: 1 2 11 12 13 14 15 16 17 18 19 20 21 22 23 24
26: 1 3 4 5 6 7 8 9 10 18 19 20 21 22 23 24
27: 2 3 4 5 6 7 8 9 10 11 12 13 14 15 16 17

1: 26 27
2: 26 27
3: 26 27
4: 26 27
5: 26 27
6: 26 27
7: 26 27
8: 26 27
9: 26 27
10: 26 27
11: 26 27
12: 26 27
13: 26 27
14: 26 27
15: 26 27
16: 26 27
17: 26 27
18: 26 27
19: 26 27
20: 26 27
21: 26 27
22: 26 27
23: 26 27
24: 26 27
25: 26 27
26: 1 2 3 4 5 6 7 8 9 10 11 12 13 14 15 16 17 18 19 20 21 22 23 24 25
27: 1 2 3 4 5 6 7 8 9 10 11 12 13 14 15 16 17 18 19 20 21 22 23 24 25

1: 22 23
2: 24 26
3: 24 26
4: 24 26
5: 24 25
6: 24 25
7: 24 25
8: 25 27
9: 26 28
10: 26 28
11: 26 28
12: 25 27
13: 25 27
14: 22 28
15: 22 28
16: 22 28
17: 23 27
18: 23 27
19: 23 27
20: 22 23
21: 22 23
22: 1 14 15 16 20 21
23: 1 17 18 19 20 21
24: 2 3 4 5 6 7
25: 5 6 7 8 12 13
26: 2 3 4 9 10 11
27: 8 12 13 17 18 19
28: 9 10 11 14 15 16

1: 25 26
2: 25 26
3: 25 26
4: 25 26
5: 25 26
6: 25 26
7: 25 27
8: 26 28
9: 26 28
10: 26 28
11: 26 28
12: 26 28
13: 26 28
14: 25 27
15: 25 27
16: 25 27
17: 25 27
18: 25 27
19: 27 28
20: 27 28
21: 27 28
22: 27 28
23: 27 28
24: 27 28
25: 1 2 3 4 5 6 7 14 15 16 17 18
26: 1 2 3 4 5 6 8 9 10 11 12 13
27: 7 14 15 16 17 18 19 20 21 22 23 24
28: 8 9 10 11 12 13 19 20 21 22 23 24

1: 27 28
2: 27 28
3: 27 28
4: 27 28
5: 27 28
6: 27 28
7: 27 28
8: 27 28
9: 27 28
10: 27 28
11: 27 28
12: 27 28
13: 27 28
14: 27 28
15: 27 28
16: 27 28
17: 27 28
18: 27 28
19: 27 28
20: 27 28
21: 27 28
22: 27 28
23: 27 28
24: 27 28
25: 27 28
26: 27 28
27: 1 2 3 4 5 6 7 8 9 10 11 12 13 14 15 16 17 18 19 20 21 22 23 24 25 26
28: 1 2 3 4 5 6 7 8 9 10 11 12 13 14 15 16 17 18 19 20 21 22 23 24 25 26

1: 29
2: 29
3: 29
4: 28
5: 27
6: 20
7: 21
8: 24
9: 23
10: 22
11: 19
12: 18
13: 14
14: 13 28
15: 26 27
16: 18 19 29
17: 20 26 28
18: 12 16 25
19: 11 16 24
20: 6 17 21
21: 7 20 27
22: 10 24 25
23: 9 25 26
24: 8 19 22
25: 18 22 23
26: 15 17 23
27: 5 15 21
28: 4 14 17
29: 1 2 3 16

1: 30
2: 30
3: 30
4: 15
5: 17
6: 27
7: 24
8: 23
9: 26
10: 29
11: 25
12: 21
13: 19
14: 18
15: 4 17
16: 18 19 30
17: 5 15 20
18: 14 16 29
19: 13 16 28
20: 17 21 22
21: 12 20 27
22: 20 25 26
23: 8 25 27
24: 7 28 29
25: 11 22 23
26: 9 22 28
27: 6 21 23
28: 19 24 26
29: 10 18 24
30: 1 2 3 16

1: 7
2: 8
3: 6 7
4: 5 8
5: 4 6 7
6: 3 5 8
7: 1 3 5
8: 2 4 6

1: 3 6
2: 4 5
3: 1 7
4: 2 10
5: 2 9
6: 1 8
7: 3 12
8: 6 13
9: 5 13
10: 4 12
11: 12 13
12: 7 10 11
13: 8 9 11

1: 4 5
2: 3 6
3: 2 8
4: 1 7
5: 1 9
6: 2 10
7: 4 12
8: 3 11
9: 5 13
10: 6 16
11: 8 15
12: 7 14
13: 9 17
14: 12 18
15: 11 18
16: 10 17
17: 13 16 18
18: 14 15 17

1: 5 6
2: 7 10
3: 8 11
4: 9 12
5: 1 13
6: 1 14
7: 2 14
8: 3 14
9: 4 14
10: 2 13
11: 3 13
12: 4 13
13: 5 10 11 12
14: 6 7 8 9

1: 6 7
2: 8 12
3: 9 13
4: 10 14
5: 11 15
6: 1 16
7: 1 17
8: 2 17
9: 3 17
10: 4 17
11: 5 17
12: 2 16
13: 3 16
14: 4 16
15: 5 16
16: 6 12 13 14 15
17: 7 8 9 10 11

1: 21
2: 16
3: 15
4: 12 20
5: 13 20
6: 9 19
7: 10 19
8: 9 10
9: 6 8
10: 7 8
11: 12 13
12: 4 11
13: 5 11
14: 18 19
15: 3 18
16: 2 17
17: 16 20 21
18: 14 15 21
19: 6 7 14
20: 4 5 17
21: 1 17 18

1: 3 6
2: 4 5
3: 1 10
4: 2 13
5: 2 12
6: 1 11
7: 8 9
8: 7 15
9: 7 14
10: 3 14
11: 6 15
12: 5 15
13: 4 14
14: 9 10 13
15: 8 11 12

1: 4 7
2: 3 10
3: 2 9
4: 1 8
5: 6 12
6: 5 11
7: 1 11
8: 4 12
9: 3 12
10: 2 11
11: 6 7 10
12: 5 8 9

1: 2 5
2: 1 6
3: 4 8
4: 3 7
5: 1 9
6: 2 10
7: 4 11
8: 3 12
9: 5 15
10: 6 16
11: 7 16
12: 8 15
13: 14 16
14: 13 15
15: 9 12 14
16: 10 11 13

1: 9
2: 7
3: 8
4: 7 9
5: 8 9
6: 7 8 9
7: 2 4 6
8: 3 5 6
9: 1 4 5 6

1: 2 9
2: 1 10
3: 7 9
4: 8 12
5: 6 12
6: 5 11
7: 3 11
8: 4 10
9: 1 3 10 11
10: 2 8 9 12
11: 6 7 9 12
12: 4 5 10 11

